[2025-04-26T20:30:45.818+0000][0.003s][info][gc,init] CardTable entry size: 512
[2025-04-26T20:30:45.818+0000][0.003s][debug][gc,heap] Minimum heap 2147483648  Initial heap 2147483648  Maximum heap 2147483648
[2025-04-26T20:30:45.818+0000][0.004s][info ][gc     ] Using G1
[2025-04-26T20:30:45.837+0000][0.022s][info ][gc,init] Version: 21.0.6+7-LTS (release)
[2025-04-26T20:30:45.837+0000][0.023s][info ][gc,init] CPUs: 2 total, 2 available
[2025-04-26T20:30:45.837+0000][0.023s][info ][gc,init] Memory: 7938M
[2025-04-26T20:30:45.837+0000][0.023s][info ][gc,init] Large Page Support: Disabled
[2025-04-26T20:30:45.837+0000][0.023s][info ][gc,init] NUMA Support: Disabled
[2025-04-26T20:30:45.837+0000][0.023s][info ][gc,init] Compressed Oops: Enabled (32-bit)
[2025-04-26T20:30:45.837+0000][0.023s][info ][gc,init] Heap Region Size: 1M
[2025-04-26T20:30:45.837+0000][0.023s][info ][gc,init] Heap Min Capacity: 2G
[2025-04-26T20:30:45.837+0000][0.023s][info ][gc,init] Heap Initial Capacity: 2G
[2025-04-26T20:30:45.837+0000][0.023s][info ][gc,init] Heap Max Capacity: 2G
[2025-04-26T20:30:45.837+0000][0.023s][info ][gc,init] Pre-touch: Disabled
[2025-04-26T20:30:45.837+0000][0.023s][info ][gc,init] Parallel Workers: 2
[2025-04-26T20:30:45.837+0000][0.023s][info ][gc,init] Concurrent Workers: 1
[2025-04-26T20:30:45.837+0000][0.023s][info ][gc,init] Concurrent Refinement Workers: 2
[2025-04-26T20:30:45.837+0000][0.023s][info ][gc,init] Periodic GC: Disabled
[2025-04-26T20:30:45.844+0000][0.030s][info ][gc,metaspace] CDS archive(s) mapped at: [0x00007a669f000000-0x00007a669fc97000-0x00007a669fc97000), size 13201408, SharedBaseAddress: 0x00007a669f000000, ArchiveRelocationMode: 1.
[2025-04-26T20:30:45.844+0000][0.030s][info ][gc,metaspace] Compressed class space mapped at: 0x00007a66a0000000-0x00007a66e0000000, reserved size: 1073741824
[2025-04-26T20:30:45.844+0000][0.030s][info ][gc,metaspace] Narrow klass base: 0x00007a669f000000, Narrow klass shift: 0, Narrow klass range: 0x100000000
[2025-04-26T20:30:45.903+0000][0.089s][info ][gc,start    ] GC(0) Pause Young (Normal) (G1 Evacuation Pause)
[2025-04-26T20:30:45.903+0000][0.089s][debug][gc,heap     ] GC(0) Heap before GC invocations=0 (full 0):
[2025-04-26T20:30:45.903+0000][0.089s][debug][gc,heap     ] GC(0)  garbage-first heap   total 2097152K, used 105521K [0x0000000080000000, 0x0000000100000000)
[2025-04-26T20:30:45.903+0000][0.089s][debug][gc,heap     ] GC(0)   region size 1024K, 102 young (104448K), 0 survivors (0K)
[2025-04-26T20:30:45.903+0000][0.089s][debug][gc,heap     ] GC(0)  Metaspace       used 92K, committed 320K, reserved 1114112K
[2025-04-26T20:30:45.903+0000][0.089s][debug][gc,heap     ] GC(0)   class space    used 7K, committed 128K, reserved 1048576K
[2025-04-26T20:30:45.914+0000][0.100s][info ][gc,task     ] GC(0) Using 2 workers of 2 for evacuation
[2025-04-26T20:30:45.940+0000][0.126s][info ][gc,phases   ] GC(0)   Pre Evacuate Collection Set: 2.1ms
[2025-04-26T20:30:45.940+0000][0.126s][info ][gc,phases   ] GC(0)   Merge Heap Roots: 0.1ms
[2025-04-26T20:30:45.940+0000][0.126s][info ][gc,phases   ] GC(0)   Evacuate Collection Set: 23.5ms
[2025-04-26T20:30:45.940+0000][0.126s][info ][gc,phases   ] GC(0)   Post Evacuate Collection Set: 0.2ms
[2025-04-26T20:30:45.940+0000][0.126s][info ][gc,phases   ] GC(0)   Other: 11.1ms
[2025-04-26T20:30:45.940+0000][0.126s][info ][gc,heap     ] GC(0) Eden regions: 102->0(89)
[2025-04-26T20:30:45.940+0000][0.126s][info ][gc,heap     ] GC(0) Survivor regions: 0->13(13)
[2025-04-26T20:30:45.940+0000][0.126s][info ][gc,heap     ] GC(0) Old regions: 2->73
[2025-04-26T20:30:45.940+0000][0.126s][info ][gc,heap     ] GC(0) Humongous regions: 0->0
[2025-04-26T20:30:45.940+0000][0.126s][info ][gc,metaspace] GC(0) Metaspace: 92K(320K)->92K(320K) NonClass: 84K(192K)->84K(192K) Class: 7K(128K)->7K(128K)
[2025-04-26T20:30:45.940+0000][0.126s][debug][gc,heap     ] GC(0) Heap after GC invocations=1 (full 0):
[2025-04-26T20:30:45.940+0000][0.126s][debug][gc,heap     ] GC(0)  garbage-first heap   total 2097152K, used 86105K [0x0000000080000000, 0x0000000100000000)
[2025-04-26T20:30:45.940+0000][0.126s][debug][gc,heap     ] GC(0)   region size 1024K, 13 young (13312K), 13 survivors (13312K)
[2025-04-26T20:30:45.940+0000][0.126s][debug][gc,heap     ] GC(0)  Metaspace       used 92K, committed 320K, reserved 1114112K
[2025-04-26T20:30:45.940+0000][0.126s][debug][gc,heap     ] GC(0)   class space    used 7K, committed 128K, reserved 1048576K
[2025-04-26T20:30:45.940+0000][0.126s][info ][gc          ] GC(0) Pause Young (Normal) (G1 Evacuation Pause) 103M->84M(2048M) 37.368ms
[2025-04-26T20:30:45.940+0000][0.126s][info ][gc,cpu      ] GC(0) User=0.02s Sys=0.00s Real=0.03s
[2025-04-26T20:30:45.955+0000][0.141s][info ][gc,start    ] GC(1) Pause Young (Normal) (G1 Evacuation Pause)
[2025-04-26T20:30:45.955+0000][0.141s][debug][gc,heap     ] GC(1) Heap before GC invocations=1 (full 0):
[2025-04-26T20:30:45.955+0000][0.141s][debug][gc,heap     ] GC(1)  garbage-first heap   total 2097152K, used 177241K [0x0000000080000000, 0x0000000100000000)
[2025-04-26T20:30:45.955+0000][0.141s][debug][gc,heap     ] GC(1)   region size 1024K, 102 young (104448K), 13 survivors (13312K)
[2025-04-26T20:30:45.956+0000][0.141s][debug][gc,heap     ] GC(1)  Metaspace       used 92K, committed 320K, reserved 1114112K
[2025-04-26T20:30:45.956+0000][0.142s][debug][gc,heap     ] GC(1)   class space    used 7K, committed 128K, reserved 1048576K
[2025-04-26T20:30:45.956+0000][0.142s][info ][gc,task     ] GC(1) Using 2 workers of 2 for evacuation
[2025-04-26T20:30:45.969+0000][0.155s][info ][gc,phases   ] GC(1)   Pre Evacuate Collection Set: 0.3ms
[2025-04-26T20:30:45.969+0000][0.155s][info ][gc,phases   ] GC(1)   Merge Heap Roots: 0.0ms
[2025-04-26T20:30:45.969+0000][0.155s][info ][gc,phases   ] GC(1)   Evacuate Collection Set: 12.2ms
[2025-04-26T20:30:45.969+0000][0.155s][info ][gc,phases   ] GC(1)   Post Evacuate Collection Set: 0.3ms
[2025-04-26T20:30:45.969+0000][0.155s][info ][gc,phases   ] GC(1)   Other: 0.1ms
[2025-04-26T20:30:45.969+0000][0.155s][info ][gc,heap     ] GC(1) Eden regions: 89->0(89)
[2025-04-26T20:30:45.969+0000][0.155s][info ][gc,heap     ] GC(1) Survivor regions: 13->13(13)
[2025-04-26T20:30:45.969+0000][0.155s][info ][gc,heap     ] GC(1) Old regions: 73->145
[2025-04-26T20:30:45.969+0000][0.155s][info ][gc,heap     ] GC(1) Humongous regions: 0->0
[2025-04-26T20:30:45.969+0000][0.155s][info ][gc,metaspace] GC(1) Metaspace: 92K(320K)->92K(320K) NonClass: 84K(192K)->84K(192K) Class: 7K(128K)->7K(128K)
[2025-04-26T20:30:45.969+0000][0.155s][debug][gc,heap     ] GC(1) Heap after GC invocations=2 (full 0):
[2025-04-26T20:30:45.969+0000][0.155s][debug][gc,heap     ] GC(1)  garbage-first heap   total 2097152K, used 160366K [0x0000000080000000, 0x0000000100000000)
[2025-04-26T20:30:45.969+0000][0.155s][debug][gc,heap     ] GC(1)   region size 1024K, 13 young (13312K), 13 survivors (13312K)
[2025-04-26T20:30:45.969+0000][0.155s][debug][gc,heap     ] GC(1)  Metaspace       used 92K, committed 320K, reserved 1114112K
[2025-04-26T20:30:45.969+0000][0.155s][debug][gc,heap     ] GC(1)   class space    used 7K, committed 128K, reserved 1048576K
[2025-04-26T20:30:45.969+0000][0.155s][info ][gc          ] GC(1) Pause Young (Normal) (G1 Evacuation Pause) 173M->156M(2048M) 13.877ms
[2025-04-26T20:30:45.969+0000][0.155s][info ][gc,cpu      ] GC(1) User=0.01s Sys=0.02s Real=0.01s
[2025-04-26T20:30:45.976+0000][0.162s][info ][gc,start    ] GC(2) Pause Young (Normal) (G1 Evacuation Pause)
[2025-04-26T20:30:45.976+0000][0.162s][debug][gc,heap     ] GC(2) Heap before GC invocations=2 (full 0):
[2025-04-26T20:30:45.976+0000][0.162s][debug][gc,heap     ] GC(2)  garbage-first heap   total 2097152K, used 251502K [0x0000000080000000, 0x0000000100000000)
[2025-04-26T20:30:45.976+0000][0.162s][debug][gc,heap     ] GC(2)   region size 1024K, 102 young (104448K), 13 survivors (13312K)
[2025-04-26T20:30:45.976+0000][0.162s][debug][gc,heap     ] GC(2)  Metaspace       used 92K, committed 320K, reserved 1114112K
[2025-04-26T20:30:45.976+0000][0.162s][debug][gc,heap     ] GC(2)   class space    used 7K, committed 128K, reserved 1048576K
[2025-04-26T20:30:45.976+0000][0.162s][info ][gc,task     ] GC(2) Using 2 workers of 2 for evacuation
[2025-04-26T20:30:45.992+0000][0.178s][info ][gc,phases   ] GC(2)   Pre Evacuate Collection Set: 0.4ms
[2025-04-26T20:30:45.992+0000][0.178s][info ][gc,phases   ] GC(2)   Merge Heap Roots: 0.0ms
[2025-04-26T20:30:45.992+0000][0.178s][info ][gc,phases   ] GC(2)   Evacuate Collection Set: 15.0ms
[2025-04-26T20:30:45.992+0000][0.178s][info ][gc,phases   ] GC(2)   Post Evacuate Collection Set: 0.3ms
[2025-04-26T20:30:45.992+0000][0.178s][info ][gc,phases   ] GC(2)   Other: 0.1ms
[2025-04-26T20:30:45.992+0000][0.178s][info ][gc,heap     ] GC(2) Eden regions: 89->0(89)
[2025-04-26T20:30:45.992+0000][0.178s][info ][gc,heap     ] GC(2) Survivor regions: 13->13(13)
[2025-04-26T20:30:45.992+0000][0.178s][info ][gc,heap     ] GC(2) Old regions: 145->226
[2025-04-26T20:30:45.992+0000][0.178s][info ][gc,heap     ] GC(2) Humongous regions: 0->0
[2025-04-26T20:30:45.992+0000][0.178s][info ][gc,metaspace] GC(2) Metaspace: 92K(320K)->92K(320K) NonClass: 84K(192K)->84K(192K) Class: 7K(128K)->7K(128K)
[2025-04-26T20:30:45.992+0000][0.178s][debug][gc,heap     ] GC(2) Heap after GC invocations=3 (full 0):
[2025-04-26T20:30:45.992+0000][0.178s][debug][gc,heap     ] GC(2)  garbage-first heap   total 2097152K, used 243459K [0x0000000080000000, 0x0000000100000000)
[2025-04-26T20:30:45.992+0000][0.178s][debug][gc,heap     ] GC(2)   region size 1024K, 13 young (13312K), 13 survivors (13312K)
[2025-04-26T20:30:45.992+0000][0.178s][debug][gc,heap     ] GC(2)  Metaspace       used 92K, committed 320K, reserved 1114112K
[2025-04-26T20:30:45.992+0000][0.178s][debug][gc,heap     ] GC(2)   class space    used 7K, committed 128K, reserved 1048576K
[2025-04-26T20:30:45.992+0000][0.178s][info ][gc          ] GC(2) Pause Young (Normal) (G1 Evacuation Pause) 245M->237M(2048M) 16.081ms
[2025-04-26T20:30:45.992+0000][0.178s][info ][gc,cpu      ] GC(2) User=0.02s Sys=0.01s Real=0.02s
[2025-04-26T20:30:45.999+0000][0.185s][info ][gc,start    ] GC(3) Pause Young (Normal) (G1 Evacuation Pause)
[2025-04-26T20:30:45.999+0000][0.185s][debug][gc,heap     ] GC(3) Heap before GC invocations=3 (full 0):
[2025-04-26T20:30:45.999+0000][0.185s][debug][gc,heap     ] GC(3)  garbage-first heap   total 2097152K, used 334595K [0x0000000080000000, 0x0000000100000000)
[2025-04-26T20:30:45.999+0000][0.185s][debug][gc,heap     ] GC(3)   region size 1024K, 102 young (104448K), 13 survivors (13312K)
[2025-04-26T20:30:45.999+0000][0.185s][debug][gc,heap     ] GC(3)  Metaspace       used 92K, committed 320K, reserved 1114112K
[2025-04-26T20:30:45.999+0000][0.185s][debug][gc,heap     ] GC(3)   class space    used 7K, committed 128K, reserved 1048576K
[2025-04-26T20:30:45.999+0000][0.185s][info ][gc,task     ] GC(3) Using 2 workers of 2 for evacuation
[2025-04-26T20:30:46.014+0000][0.200s][info ][gc,phases   ] GC(3)   Pre Evacuate Collection Set: 0.2ms
[2025-04-26T20:30:46.014+0000][0.200s][info ][gc,phases   ] GC(3)   Merge Heap Roots: 0.0ms
[2025-04-26T20:30:46.014+0000][0.200s][info ][gc,phases   ] GC(3)   Evacuate Collection Set: 14.4ms
[2025-04-26T20:30:46.014+0000][0.200s][info ][gc,phases   ] GC(3)   Post Evacuate Collection Set: 0.3ms
[2025-04-26T20:30:46.014+0000][0.200s][info ][gc,phases   ] GC(3)   Other: 0.1ms
[2025-04-26T20:30:46.014+0000][0.200s][info ][gc,heap     ] GC(3) Eden regions: 89->0(89)
[2025-04-26T20:30:46.014+0000][0.200s][info ][gc,heap     ] GC(3) Survivor regions: 13->13(13)
[2025-04-26T20:30:46.014+0000][0.200s][info ][gc,heap     ] GC(3) Old regions: 226->315
[2025-04-26T20:30:46.014+0000][0.200s][info ][gc,heap     ] GC(3) Humongous regions: 0->0
[2025-04-26T20:30:46.014+0000][0.200s][info ][gc,metaspace] GC(3) Metaspace: 92K(320K)->92K(320K) NonClass: 84K(192K)->84K(192K) Class: 7K(128K)->7K(128K)
[2025-04-26T20:30:46.014+0000][0.200s][debug][gc,heap     ] GC(3) Heap after GC invocations=4 (full 0):
[2025-04-26T20:30:46.014+0000][0.200s][debug][gc,heap     ] GC(3)  garbage-first heap   total 2097152K, used 334174K [0x0000000080000000, 0x0000000100000000)
[2025-04-26T20:30:46.014+0000][0.200s][debug][gc,heap     ] GC(3)   region size 1024K, 13 young (13312K), 13 survivors (13312K)
[2025-04-26T20:30:46.014+0000][0.200s][debug][gc,heap     ] GC(3)  Metaspace       used 92K, committed 320K, reserved 1114112K
[2025-04-26T20:30:46.014+0000][0.200s][debug][gc,heap     ] GC(3)   class space    used 7K, committed 128K, reserved 1048576K
[2025-04-26T20:30:46.014+0000][0.200s][info ][gc          ] GC(3) Pause Young (Normal) (G1 Evacuation Pause) 326M->326M(2048M) 15.286ms
[2025-04-26T20:30:46.014+0000][0.200s][info ][gc,cpu      ] GC(3) User=0.01s Sys=0.01s Real=0.02s
[2025-04-26T20:30:46.021+0000][0.207s][info ][gc,start    ] GC(4) Pause Young (Normal) (G1 Evacuation Pause)
[2025-04-26T20:30:46.021+0000][0.207s][debug][gc,heap     ] GC(4) Heap before GC invocations=4 (full 0):
[2025-04-26T20:30:46.021+0000][0.207s][debug][gc,heap     ] GC(4)  garbage-first heap   total 2097152K, used 425310K [0x0000000080000000, 0x0000000100000000)
[2025-04-26T20:30:46.021+0000][0.207s][debug][gc,heap     ] GC(4)   region size 1024K, 102 young (104448K), 13 survivors (13312K)
[2025-04-26T20:30:46.021+0000][0.207s][debug][gc,heap     ] GC(4)  Metaspace       used 92K, committed 320K, reserved 1114112K
[2025-04-26T20:30:46.021+0000][0.207s][debug][gc,heap     ] GC(4)   class space    used 7K, committed 128K, reserved 1048576K
[2025-04-26T20:30:46.021+0000][0.207s][info ][gc,task     ] GC(4) Using 2 workers of 2 for evacuation
[2025-04-26T20:30:46.040+0000][0.226s][info ][gc,phases   ] GC(4)   Pre Evacuate Collection Set: 0.2ms
[2025-04-26T20:30:46.040+0000][0.226s][info ][gc,phases   ] GC(4)   Merge Heap Roots: 0.0ms
[2025-04-26T20:30:46.040+0000][0.226s][info ][gc,phases   ] GC(4)   Evacuate Collection Set: 17.8ms
[2025-04-26T20:30:46.040+0000][0.226s][info ][gc,phases   ] GC(4)   Post Evacuate Collection Set: 0.2ms
[2025-04-26T20:30:46.040+0000][0.226s][info ][gc,phases   ] GC(4)   Other: 0.0ms
[2025-04-26T20:30:46.040+0000][0.226s][info ][gc,heap     ] GC(4) Eden regions: 89->0(89)
[2025-04-26T20:30:46.040+0000][0.226s][info ][gc,heap     ] GC(4) Survivor regions: 13->13(13)
[2025-04-26T20:30:46.040+0000][0.226s][info ][gc,heap     ] GC(4) Old regions: 315->404
[2025-04-26T20:30:46.040+0000][0.226s][info ][gc,heap     ] GC(4) Humongous regions: 0->0
[2025-04-26T20:30:46.040+0000][0.226s][info ][gc,metaspace] GC(4) Metaspace: 92K(320K)->92K(320K) NonClass: 84K(192K)->84K(192K) Class: 7K(128K)->7K(128K)
[2025-04-26T20:30:46.040+0000][0.226s][debug][gc,heap     ] GC(4) Heap after GC invocations=5 (full 0):
[2025-04-26T20:30:46.040+0000][0.226s][debug][gc,heap     ] GC(4)  garbage-first heap   total 2097152K, used 425102K [0x0000000080000000, 0x0000000100000000)
[2025-04-26T20:30:46.040+0000][0.226s][debug][gc,heap     ] GC(4)   region size 1024K, 13 young (13312K), 13 survivors (13312K)
[2025-04-26T20:30:46.040+0000][0.226s][debug][gc,heap     ] GC(4)  Metaspace       used 92K, committed 320K, reserved 1114112K
[2025-04-26T20:30:46.040+0000][0.226s][debug][gc,heap     ] GC(4)   class space    used 7K, committed 128K, reserved 1048576K
[2025-04-26T20:30:46.040+0000][0.226s][info ][gc          ] GC(4) Pause Young (Normal) (G1 Evacuation Pause) 415M->415M(2048M) 18.562ms
[2025-04-26T20:30:46.040+0000][0.226s][info ][gc,cpu      ] GC(4) User=0.01s Sys=0.02s Real=0.01s
[2025-04-26T20:30:46.222+0000][0.407s][info ][gc,start    ] GC(5) Pause Young (Normal) (G1 Evacuation Pause)
[2025-04-26T20:30:46.222+0000][0.407s][debug][gc,heap     ] GC(5) Heap before GC invocations=5 (full 0):
[2025-04-26T20:30:46.222+0000][0.407s][debug][gc,heap     ] GC(5)  garbage-first heap   total 2097152K, used 516238K [0x0000000080000000, 0x0000000100000000)
[2025-04-26T20:30:46.222+0000][0.407s][debug][gc,heap     ] GC(5)   region size 1024K, 102 young (104448K), 13 survivors (13312K)
[2025-04-26T20:30:46.222+0000][0.407s][debug][gc,heap     ] GC(5)  Metaspace       used 96K, committed 320K, reserved 1114112K
[2025-04-26T20:30:46.222+0000][0.407s][debug][gc,heap     ] GC(5)   class space    used 7K, committed 128K, reserved 1048576K
[2025-04-26T20:30:46.222+0000][0.408s][info ][gc,task     ] GC(5) Using 2 workers of 2 for evacuation
[2025-04-26T20:30:46.237+0000][0.423s][info ][gc,phases   ] GC(5)   Pre Evacuate Collection Set: 0.2ms
[2025-04-26T20:30:46.237+0000][0.423s][info ][gc,phases   ] GC(5)   Merge Heap Roots: 0.0ms
[2025-04-26T20:30:46.237+0000][0.423s][info ][gc,phases   ] GC(5)   Evacuate Collection Set: 14.5ms
[2025-04-26T20:30:46.237+0000][0.423s][info ][gc,phases   ] GC(5)   Post Evacuate Collection Set: 0.2ms
[2025-04-26T20:30:46.237+0000][0.423s][info ][gc,phases   ] GC(5)   Other: 0.0ms
[2025-04-26T20:30:46.237+0000][0.423s][info ][gc,heap     ] GC(5) Eden regions: 89->0(89)
[2025-04-26T20:30:46.237+0000][0.423s][info ][gc,heap     ] GC(5) Survivor regions: 13->13(13)
[2025-04-26T20:30:46.237+0000][0.423s][info ][gc,heap     ] GC(5) Old regions: 404->493
[2025-04-26T20:30:46.237+0000][0.423s][info ][gc,heap     ] GC(5) Humongous regions: 0->0
[2025-04-26T20:30:46.237+0000][0.423s][info ][gc,metaspace] GC(5) Metaspace: 96K(320K)->96K(320K) NonClass: 88K(192K)->88K(192K) Class: 7K(128K)->7K(128K)
[2025-04-26T20:30:46.237+0000][0.423s][debug][gc,heap     ] GC(5) Heap after GC invocations=6 (full 0):
[2025-04-26T20:30:46.237+0000][0.423s][debug][gc,heap     ] GC(5)  garbage-first heap   total 2097152K, used 516158K [0x0000000080000000, 0x0000000100000000)
[2025-04-26T20:30:46.237+0000][0.423s][debug][gc,heap     ] GC(5)   region size 1024K, 13 young (13312K), 13 survivors (13312K)
[2025-04-26T20:30:46.237+0000][0.423s][debug][gc,heap     ] GC(5)  Metaspace       used 96K, committed 320K, reserved 1114112K
[2025-04-26T20:30:46.237+0000][0.423s][debug][gc,heap     ] GC(5)   class space    used 7K, committed 128K, reserved 1048576K
[2025-04-26T20:30:46.237+0000][0.423s][info ][gc          ] GC(5) Pause Young (Normal) (G1 Evacuation Pause) 504M->504M(2048M) 15.286ms
[2025-04-26T20:30:46.237+0000][0.423s][info ][gc,cpu      ] GC(5) User=0.01s Sys=0.02s Real=0.01s
[2025-04-26T20:30:46.842+0000][1.028s][info ][gc,start    ] GC(6) Pause Young (Normal) (G1 Evacuation Pause)
[2025-04-26T20:30:46.842+0000][1.028s][debug][gc,heap     ] GC(6) Heap before GC invocations=6 (full 0):
[2025-04-26T20:30:46.842+0000][1.028s][debug][gc,heap     ] GC(6)  garbage-first heap   total 2097152K, used 607294K [0x0000000080000000, 0x0000000100000000)
[2025-04-26T20:30:46.842+0000][1.028s][debug][gc,heap     ] GC(6)   region size 1024K, 102 young (104448K), 13 survivors (13312K)
[2025-04-26T20:30:46.842+0000][1.028s][debug][gc,heap     ] GC(6)  Metaspace       used 96K, committed 320K, reserved 1114112K
[2025-04-26T20:30:46.842+0000][1.028s][debug][gc,heap     ] GC(6)   class space    used 7K, committed 128K, reserved 1048576K
[2025-04-26T20:30:46.842+0000][1.028s][info ][gc,task     ] GC(6) Using 2 workers of 2 for evacuation
[2025-04-26T20:30:46.859+0000][1.045s][info ][gc,phases   ] GC(6)   Pre Evacuate Collection Set: 0.2ms
[2025-04-26T20:30:46.859+0000][1.045s][info ][gc,phases   ] GC(6)   Merge Heap Roots: 0.0ms
[2025-04-26T20:30:46.859+0000][1.045s][info ][gc,phases   ] GC(6)   Evacuate Collection Set: 16.2ms
[2025-04-26T20:30:46.859+0000][1.045s][info ][gc,phases   ] GC(6)   Post Evacuate Collection Set: 0.2ms
[2025-04-26T20:30:46.859+0000][1.045s][info ][gc,phases   ] GC(6)   Other: 0.1ms
[2025-04-26T20:30:46.859+0000][1.045s][info ][gc,heap     ] GC(6) Eden regions: 89->0(89)
[2025-04-26T20:30:46.859+0000][1.045s][info ][gc,heap     ] GC(6) Survivor regions: 13->13(13)
[2025-04-26T20:30:46.859+0000][1.045s][info ][gc,heap     ] GC(6) Old regions: 493->583
[2025-04-26T20:30:46.859+0000][1.045s][info ][gc,heap     ] GC(6) Humongous regions: 0->0
[2025-04-26T20:30:46.859+0000][1.045s][info ][gc,metaspace] GC(6) Metaspace: 96K(320K)->96K(320K) NonClass: 88K(192K)->88K(192K) Class: 7K(128K)->7K(128K)
[2025-04-26T20:30:46.859+0000][1.045s][debug][gc,heap     ] GC(6) Heap after GC invocations=7 (full 0):
[2025-04-26T20:30:46.859+0000][1.045s][debug][gc,heap     ] GC(6)  garbage-first heap   total 2097152K, used 608599K [0x0000000080000000, 0x0000000100000000)
[2025-04-26T20:30:46.859+0000][1.045s][debug][gc,heap     ] GC(6)   region size 1024K, 13 young (13312K), 13 survivors (13312K)
[2025-04-26T20:30:46.859+0000][1.045s][debug][gc,heap     ] GC(6)  Metaspace       used 96K, committed 320K, reserved 1114112K
[2025-04-26T20:30:46.859+0000][1.045s][debug][gc,heap     ] GC(6)   class space    used 7K, committed 128K, reserved 1048576K
[2025-04-26T20:30:46.859+0000][1.045s][info ][gc          ] GC(6) Pause Young (Normal) (G1 Evacuation Pause) 593M->594M(2048M) 16.965ms
[2025-04-26T20:30:46.859+0000][1.045s][info ][gc,cpu      ] GC(6) User=0.02s Sys=0.01s Real=0.01s
[2025-04-26T20:30:47.372+0000][1.558s][info ][gc,start    ] GC(7) Pause Young (Normal) (G1 Evacuation Pause)
[2025-04-26T20:30:47.372+0000][1.558s][debug][gc,heap     ] GC(7) Heap before GC invocations=7 (full 0):
[2025-04-26T20:30:47.372+0000][1.558s][debug][gc,heap     ] GC(7)  garbage-first heap   total 2097152K, used 699735K [0x0000000080000000, 0x0000000100000000)
[2025-04-26T20:30:47.372+0000][1.558s][debug][gc,heap     ] GC(7)   region size 1024K, 102 young (104448K), 13 survivors (13312K)
[2025-04-26T20:30:47.372+0000][1.558s][debug][gc,heap     ] GC(7)  Metaspace       used 96K, committed 320K, reserved 1114112K
[2025-04-26T20:30:47.372+0000][1.558s][debug][gc,heap     ] GC(7)   class space    used 7K, committed 128K, reserved 1048576K
[2025-04-26T20:30:47.372+0000][1.558s][info ][gc,task     ] GC(7) Using 2 workers of 2 for evacuation
[2025-04-26T20:30:47.387+0000][1.573s][info ][gc,phases   ] GC(7)   Pre Evacuate Collection Set: 0.2ms
[2025-04-26T20:30:47.387+0000][1.573s][info ][gc,phases   ] GC(7)   Merge Heap Roots: 0.0ms
[2025-04-26T20:30:47.387+0000][1.573s][info ][gc,phases   ] GC(7)   Evacuate Collection Set: 14.3ms
[2025-04-26T20:30:47.387+0000][1.573s][info ][gc,phases   ] GC(7)   Post Evacuate Collection Set: 0.2ms
[2025-04-26T20:30:47.387+0000][1.573s][info ][gc,phases   ] GC(7)   Other: 0.1ms
[2025-04-26T20:30:47.387+0000][1.573s][info ][gc,heap     ] GC(7) Eden regions: 89->0(89)
[2025-04-26T20:30:47.387+0000][1.573s][info ][gc,heap     ] GC(7) Survivor regions: 13->13(13)
[2025-04-26T20:30:47.387+0000][1.573s][info ][gc,heap     ] GC(7) Old regions: 583->671
[2025-04-26T20:30:47.387+0000][1.573s][info ][gc,heap     ] GC(7) Humongous regions: 0->0
[2025-04-26T20:30:47.387+0000][1.573s][info ][gc,metaspace] GC(7) Metaspace: 96K(320K)->96K(320K) NonClass: 88K(192K)->88K(192K) Class: 7K(128K)->7K(128K)
[2025-04-26T20:30:47.387+0000][1.573s][debug][gc,heap     ] GC(7) Heap after GC invocations=8 (full 0):
[2025-04-26T20:30:47.387+0000][1.573s][debug][gc,heap     ] GC(7)  garbage-first heap   total 2097152K, used 699427K [0x0000000080000000, 0x0000000100000000)
[2025-04-26T20:30:47.387+0000][1.573s][debug][gc,heap     ] GC(7)   region size 1024K, 13 young (13312K), 13 survivors (13312K)
[2025-04-26T20:30:47.387+0000][1.573s][debug][gc,heap     ] GC(7)  Metaspace       used 96K, committed 320K, reserved 1114112K
[2025-04-26T20:30:47.388+0000][1.573s][debug][gc,heap     ] GC(7)   class space    used 7K, committed 128K, reserved 1048576K
[2025-04-26T20:30:47.388+0000][1.573s][info ][gc          ] GC(7) Pause Young (Normal) (G1 Evacuation Pause) 683M->683M(2048M) 15.769ms
[2025-04-26T20:30:47.388+0000][1.573s][info ][gc,cpu      ] GC(7) User=0.02s Sys=0.01s Real=0.01s
[2025-04-26T20:30:47.941+0000][2.127s][info ][gc,start    ] GC(8) Pause Young (Normal) (G1 Evacuation Pause)
[2025-04-26T20:30:47.942+0000][2.127s][debug][gc,heap     ] GC(8) Heap before GC invocations=8 (full 0):
[2025-04-26T20:30:47.942+0000][2.128s][debug][gc,heap     ] GC(8)  garbage-first heap   total 2097152K, used 790563K [0x0000000080000000, 0x0000000100000000)
[2025-04-26T20:30:47.942+0000][2.128s][debug][gc,heap     ] GC(8)   region size 1024K, 102 young (104448K), 13 survivors (13312K)
[2025-04-26T20:30:47.942+0000][2.128s][debug][gc,heap     ] GC(8)  Metaspace       used 96K, committed 320K, reserved 1114112K
[2025-04-26T20:30:47.942+0000][2.128s][debug][gc,heap     ] GC(8)   class space    used 7K, committed 128K, reserved 1048576K
[2025-04-26T20:30:47.942+0000][2.128s][info ][gc,task     ] GC(8) Using 2 workers of 2 for evacuation
[2025-04-26T20:30:47.963+0000][2.149s][info ][gc,phases   ] GC(8)   Pre Evacuate Collection Set: 0.2ms
[2025-04-26T20:30:47.963+0000][2.149s][info ][gc,phases   ] GC(8)   Merge Heap Roots: 0.0ms
[2025-04-26T20:30:47.963+0000][2.149s][info ][gc,phases   ] GC(8)   Evacuate Collection Set: 20.5ms
[2025-04-26T20:30:47.963+0000][2.149s][info ][gc,phases   ] GC(8)   Post Evacuate Collection Set: 0.2ms
[2025-04-26T20:30:47.963+0000][2.149s][info ][gc,phases   ] GC(8)   Other: 0.1ms
[2025-04-26T20:30:47.963+0000][2.149s][info ][gc,heap     ] GC(8) Eden regions: 89->0(89)
[2025-04-26T20:30:47.964+0000][2.149s][info ][gc,heap     ] GC(8) Survivor regions: 13->13(13)
[2025-04-26T20:30:47.964+0000][2.149s][info ][gc,heap     ] GC(8) Old regions: 671->761
[2025-04-26T20:30:47.964+0000][2.149s][info ][gc,heap     ] GC(8) Humongous regions: 0->0
[2025-04-26T20:30:47.964+0000][2.149s][info ][gc,metaspace] GC(8) Metaspace: 96K(320K)->96K(320K) NonClass: 88K(192K)->88K(192K) Class: 7K(128K)->7K(128K)
[2025-04-26T20:30:47.964+0000][2.149s][debug][gc,heap     ] GC(8) Heap after GC invocations=9 (full 0):
[2025-04-26T20:30:47.964+0000][2.149s][debug][gc,heap     ] GC(8)  garbage-first heap   total 2097152K, used 790599K [0x0000000080000000, 0x0000000100000000)
[2025-04-26T20:30:47.964+0000][2.149s][debug][gc,heap     ] GC(8)   region size 1024K, 13 young (13312K), 13 survivors (13312K)
[2025-04-26T20:30:47.964+0000][2.149s][debug][gc,heap     ] GC(8)  Metaspace       used 96K, committed 320K, reserved 1114112K
[2025-04-26T20:30:47.964+0000][2.149s][debug][gc,heap     ] GC(8)   class space    used 7K, committed 128K, reserved 1048576K
[2025-04-26T20:30:47.964+0000][2.150s][info ][gc          ] GC(8) Pause Young (Normal) (G1 Evacuation Pause) 772M->772M(2048M) 22.338ms
[2025-04-26T20:30:47.964+0000][2.150s][info ][gc,cpu      ] GC(8) User=0.01s Sys=0.01s Real=0.02s
[2025-04-26T20:30:48.604+0000][2.789s][info ][gc,start    ] GC(9) Pause Young (Normal) (G1 Evacuation Pause)
[2025-04-26T20:30:48.604+0000][2.790s][debug][gc,heap     ] GC(9) Heap before GC invocations=9 (full 0):
[2025-04-26T20:30:48.604+0000][2.790s][debug][gc,heap     ] GC(9)  garbage-first heap   total 2097152K, used 881735K [0x0000000080000000, 0x0000000100000000)
[2025-04-26T20:30:48.604+0000][2.790s][debug][gc,heap     ] GC(9)   region size 1024K, 102 young (104448K), 13 survivors (13312K)
[2025-04-26T20:30:48.604+0000][2.790s][debug][gc,heap     ] GC(9)  Metaspace       used 96K, committed 320K, reserved 1114112K
[2025-04-26T20:30:48.605+0000][2.790s][debug][gc,heap     ] GC(9)   class space    used 7K, committed 128K, reserved 1048576K
[2025-04-26T20:30:48.605+0000][2.791s][info ][gc,task     ] GC(9) Using 2 workers of 2 for evacuation
[2025-04-26T20:30:48.625+0000][2.811s][info ][gc,phases   ] GC(9)   Pre Evacuate Collection Set: 0.4ms
[2025-04-26T20:30:48.625+0000][2.811s][info ][gc,phases   ] GC(9)   Merge Heap Roots: 0.1ms
[2025-04-26T20:30:48.625+0000][2.811s][info ][gc,phases   ] GC(9)   Evacuate Collection Set: 19.8ms
[2025-04-26T20:30:48.625+0000][2.811s][info ][gc,phases   ] GC(9)   Post Evacuate Collection Set: 0.2ms
[2025-04-26T20:30:48.625+0000][2.811s][info ][gc,phases   ] GC(9)   Other: 0.1ms
[2025-04-26T20:30:48.625+0000][2.811s][info ][gc,heap     ] GC(9) Eden regions: 89->0(89)
[2025-04-26T20:30:48.625+0000][2.811s][info ][gc,heap     ] GC(9) Survivor regions: 13->13(13)
[2025-04-26T20:30:48.625+0000][2.811s][info ][gc,heap     ] GC(9) Old regions: 761->849
[2025-04-26T20:30:48.625+0000][2.811s][info ][gc,heap     ] GC(9) Humongous regions: 0->0
[2025-04-26T20:30:48.625+0000][2.811s][info ][gc,metaspace] GC(9) Metaspace: 96K(320K)->96K(320K) NonClass: 88K(192K)->88K(192K) Class: 7K(128K)->7K(128K)
[2025-04-26T20:30:48.625+0000][2.811s][debug][gc,heap     ] GC(9) Heap after GC invocations=10 (full 0):
[2025-04-26T20:30:48.625+0000][2.811s][debug][gc,heap     ] GC(9)  garbage-first heap   total 2097152K, used 881085K [0x0000000080000000, 0x0000000100000000)
[2025-04-26T20:30:48.625+0000][2.811s][debug][gc,heap     ] GC(9)   region size 1024K, 13 young (13312K), 13 survivors (13312K)
[2025-04-26T20:30:48.625+0000][2.811s][debug][gc,heap     ] GC(9)  Metaspace       used 96K, committed 320K, reserved 1114112K
[2025-04-26T20:30:48.626+0000][2.811s][debug][gc,heap     ] GC(9)   class space    used 7K, committed 128K, reserved 1048576K
[2025-04-26T20:30:48.626+0000][2.811s][info ][gc          ] GC(9) Pause Young (Normal) (G1 Evacuation Pause) 861M->860M(2048M) 22.009ms
[2025-04-26T20:30:48.626+0000][2.811s][info ][gc,cpu      ] GC(9) User=0.01s Sys=0.01s Real=0.02s
[2025-04-26T20:30:49.161+0000][3.346s][info ][gc,start    ] GC(10) Pause Young (Normal) (G1 Evacuation Pause)
[2025-04-26T20:30:49.161+0000][3.346s][debug][gc,heap     ] GC(10) Heap before GC invocations=10 (full 0):
[2025-04-26T20:30:49.161+0000][3.347s][debug][gc,heap     ] GC(10)  garbage-first heap   total 2097152K, used 972221K [0x0000000080000000, 0x0000000100000000)
[2025-04-26T20:30:49.161+0000][3.347s][debug][gc,heap     ] GC(10)   region size 1024K, 102 young (104448K), 13 survivors (13312K)
[2025-04-26T20:30:49.161+0000][3.347s][debug][gc,heap     ] GC(10)  Metaspace       used 96K, committed 320K, reserved 1114112K
[2025-04-26T20:30:49.161+0000][3.347s][debug][gc,heap     ] GC(10)   class space    used 7K, committed 128K, reserved 1048576K
[2025-04-26T20:30:49.161+0000][3.347s][info ][gc,task     ] GC(10) Using 2 workers of 2 for evacuation
[2025-04-26T20:30:49.176+0000][3.362s][info ][gc,phases   ] GC(10)   Pre Evacuate Collection Set: 0.2ms
[2025-04-26T20:30:49.176+0000][3.362s][info ][gc,phases   ] GC(10)   Merge Heap Roots: 0.0ms
[2025-04-26T20:30:49.176+0000][3.362s][info ][gc,phases   ] GC(10)   Evacuate Collection Set: 14.4ms
[2025-04-26T20:30:49.176+0000][3.362s][info ][gc,phases   ] GC(10)   Post Evacuate Collection Set: 0.2ms
[2025-04-26T20:30:49.176+0000][3.362s][info ][gc,phases   ] GC(10)   Other: 0.2ms
[2025-04-26T20:30:49.176+0000][3.362s][info ][gc,heap     ] GC(10) Eden regions: 89->0(89)
[2025-04-26T20:30:49.176+0000][3.362s][info ][gc,heap     ] GC(10) Survivor regions: 13->13(13)
[2025-04-26T20:30:49.176+0000][3.362s][info ][gc,heap     ] GC(10) Old regions: 849->938
[2025-04-26T20:30:49.176+0000][3.362s][info ][gc,heap     ] GC(10) Humongous regions: 0->0
[2025-04-26T20:30:49.176+0000][3.362s][info ][gc,metaspace] GC(10) Metaspace: 96K(320K)->96K(320K) NonClass: 88K(192K)->88K(192K) Class: 7K(128K)->7K(128K)
[2025-04-26T20:30:49.176+0000][3.362s][debug][gc,heap     ] GC(10) Heap after GC invocations=11 (full 0):
[2025-04-26T20:30:49.176+0000][3.362s][debug][gc,heap     ] GC(10)  garbage-first heap   total 2097152K, used 972089K [0x0000000080000000, 0x0000000100000000)
[2025-04-26T20:30:49.176+0000][3.362s][debug][gc,heap     ] GC(10)   region size 1024K, 13 young (13312K), 13 survivors (13312K)
[2025-04-26T20:30:49.176+0000][3.362s][debug][gc,heap     ] GC(10)  Metaspace       used 96K, committed 320K, reserved 1114112K
[2025-04-26T20:30:49.176+0000][3.362s][debug][gc,heap     ] GC(10)   class space    used 7K, committed 128K, reserved 1048576K
[2025-04-26T20:30:49.176+0000][3.362s][info ][gc          ] GC(10) Pause Young (Normal) (G1 Evacuation Pause) 949M->949M(2048M) 15.530ms
[2025-04-26T20:30:49.176+0000][3.362s][info ][gc,cpu      ] GC(10) User=0.01s Sys=0.02s Real=0.02s
[2025-04-26T20:30:49.647+0000][3.833s][info ][gc,start    ] GC(11) Pause Young (Concurrent Start) (G1 Humongous Allocation)
[2025-04-26T20:30:49.647+0000][3.833s][debug][gc,heap     ] GC(11) Heap before GC invocations=11 (full 0):
[2025-04-26T20:30:49.647+0000][3.833s][debug][gc,heap     ] GC(11)  garbage-first heap   total 2097152K, used 1050937K [0x0000000080000000, 0x0000000100000000)
[2025-04-26T20:30:49.647+0000][3.833s][debug][gc,heap     ] GC(11)   region size 1024K, 91 young (93184K), 13 survivors (13312K)
[2025-04-26T20:30:49.647+0000][3.833s][debug][gc,heap     ] GC(11)  Metaspace       used 96K, committed 320K, reserved 1114112K
[2025-04-26T20:30:49.647+0000][3.833s][debug][gc,heap     ] GC(11)   class space    used 7K, committed 128K, reserved 1048576K
[2025-04-26T20:30:49.647+0000][3.833s][info ][gc,task     ] GC(11) Using 2 workers of 2 for evacuation
[2025-04-26T20:30:49.661+0000][3.846s][info ][gc,phases   ] GC(11)   Pre Evacuate Collection Set: 0.2ms
[2025-04-26T20:30:49.661+0000][3.846s][info ][gc,phases   ] GC(11)   Merge Heap Roots: 0.0ms
[2025-04-26T20:30:49.661+0000][3.846s][info ][gc,phases   ] GC(11)   Evacuate Collection Set: 12.5ms
[2025-04-26T20:30:49.661+0000][3.846s][info ][gc,phases   ] GC(11)   Post Evacuate Collection Set: 0.2ms
[2025-04-26T20:30:49.661+0000][3.846s][info ][gc,phases   ] GC(11)   Other: 0.1ms
[2025-04-26T20:30:49.661+0000][3.846s][info ][gc,heap     ] GC(11) Eden regions: 78->0(89)
[2025-04-26T20:30:49.661+0000][3.846s][info ][gc,heap     ] GC(11) Survivor regions: 13->13(13)
[2025-04-26T20:30:49.661+0000][3.846s][info ][gc,heap     ] GC(11) Old regions: 938->1015
[2025-04-26T20:30:49.661+0000][3.846s][info ][gc,heap     ] GC(11) Humongous regions: 0->0
[2025-04-26T20:30:49.661+0000][3.846s][info ][gc,metaspace] GC(11) Metaspace: 96K(320K)->96K(320K) NonClass: 88K(192K)->88K(192K) Class: 7K(128K)->7K(128K)
[2025-04-26T20:30:49.661+0000][3.846s][debug][gc,heap     ] GC(11) Heap after GC invocations=12 (full 0):
[2025-04-26T20:30:49.661+0000][3.846s][debug][gc,heap     ] GC(11)  garbage-first heap   total 2097152K, used 1051509K [0x0000000080000000, 0x0000000100000000)
[2025-04-26T20:30:49.661+0000][3.846s][debug][gc,heap     ] GC(11)   region size 1024K, 13 young (13312K), 13 survivors (13312K)
[2025-04-26T20:30:49.661+0000][3.846s][debug][gc,heap     ] GC(11)  Metaspace       used 96K, committed 320K, reserved 1114112K
[2025-04-26T20:30:49.661+0000][3.846s][debug][gc,heap     ] GC(11)   class space    used 7K, committed 128K, reserved 1048576K
[2025-04-26T20:30:49.661+0000][3.846s][info ][gc          ] GC(11) Pause Young (Concurrent Start) (G1 Humongous Allocation) 1027M->1026M(2048M) 13.283ms
[2025-04-26T20:30:49.661+0000][3.847s][info ][gc,cpu      ] GC(11) User=0.01s Sys=0.02s Real=0.01s
[2025-04-26T20:30:49.661+0000][3.847s][info ][gc          ] GC(12) Concurrent Mark Cycle
[2025-04-26T20:30:49.661+0000][3.847s][info ][gc,marking  ] GC(12) Concurrent Scan Root Regions
[2025-04-26T20:30:49.664+0000][3.850s][info ][gc,marking  ] GC(12) Concurrent Scan Root Regions 3.070ms
[2025-04-26T20:30:49.664+0000][3.850s][info ][gc,marking  ] GC(12) Concurrent Mark
[2025-04-26T20:30:49.664+0000][3.850s][info ][gc,marking  ] GC(12) Concurrent Mark From Roots
[2025-04-26T20:30:49.664+0000][3.850s][info ][gc,task     ] GC(12) Using 1 workers of 1 for marking
[2025-04-26T20:30:49.718+0000][3.904s][info ][gc,marking  ] GC(12) Concurrent Mark From Roots 54.475ms
[2025-04-26T20:30:49.718+0000][3.904s][info ][gc,marking  ] GC(12) Concurrent Preclean
[2025-04-26T20:30:49.718+0000][3.904s][info ][gc,marking  ] GC(12) Concurrent Preclean 0.014ms
[2025-04-26T20:30:49.721+0000][3.907s][info ][gc,start    ] GC(12) Pause Remark
[2025-04-26T20:30:49.721+0000][3.907s][info ][gc          ] GC(12) Pause Remark 1035M->799M(2048M) 0.496ms
[2025-04-26T20:30:49.721+0000][3.907s][info ][gc,cpu      ] GC(12) User=0.00s Sys=0.00s Real=0.00s
[2025-04-26T20:30:49.721+0000][3.907s][info ][gc,marking  ] GC(12) Concurrent Mark 57.634ms
[2025-04-26T20:30:49.721+0000][3.907s][info ][gc,marking  ] GC(12) Concurrent Rebuild Remembered Sets and Scrub Regions
[2025-04-26T20:30:49.744+0000][3.929s][info ][gc,marking  ] GC(12) Concurrent Rebuild Remembered Sets and Scrub Regions 22.087ms
[2025-04-26T20:30:49.746+0000][3.931s][info ][gc,start    ] GC(12) Pause Cleanup
[2025-04-26T20:30:49.746+0000][3.932s][info ][gc          ] GC(12) Pause Cleanup 801M->801M(2048M) 0.494ms
[2025-04-26T20:30:49.746+0000][3.932s][info ][gc,cpu      ] GC(12) User=0.00s Sys=0.00s Real=0.00s
[2025-04-26T20:30:49.746+0000][3.932s][info ][gc,marking  ] GC(12) Concurrent Clear Claimed Marks
[2025-04-26T20:30:49.746+0000][3.932s][info ][gc,marking  ] GC(12) Concurrent Clear Claimed Marks 0.013ms
[2025-04-26T20:30:49.746+0000][3.932s][info ][gc,marking  ] GC(12) Concurrent Cleanup for Next Mark
[2025-04-26T20:30:49.768+0000][3.953s][info ][gc,marking  ] GC(12) Concurrent Cleanup for Next Mark 21.246ms
[2025-04-26T20:30:49.771+0000][3.957s][info ][gc          ] GC(12) Concurrent Mark Cycle 110.089ms
[2025-04-26T20:30:50.229+0000][4.414s][info ][gc,start    ] GC(13) Pause Young (Prepare Mixed) (G1 Evacuation Pause)
[2025-04-26T20:30:50.229+0000][4.414s][debug][gc,heap     ] GC(13) Heap before GC invocations=13 (full 0):
[2025-04-26T20:30:50.229+0000][4.415s][debug][gc,heap     ] GC(13)  garbage-first heap   total 2097152K, used 902005K [0x0000000080000000, 0x0000000100000000)
[2025-04-26T20:30:50.229+0000][4.415s][debug][gc,heap     ] GC(13)   region size 1024K, 102 young (104448K), 13 survivors (13312K)
[2025-04-26T20:30:50.229+0000][4.415s][debug][gc,heap     ] GC(13)  Metaspace       used 96K, committed 320K, reserved 1114112K
[2025-04-26T20:30:50.229+0000][4.415s][debug][gc,heap     ] GC(13)   class space    used 7K, committed 128K, reserved 1048576K
[2025-04-26T20:30:50.229+0000][4.415s][info ][gc,task     ] GC(13) Using 2 workers of 2 for evacuation
[2025-04-26T20:30:50.240+0000][4.426s][info ][gc,phases   ] GC(13)   Pre Evacuate Collection Set: 0.2ms
[2025-04-26T20:30:50.240+0000][4.426s][info ][gc,phases   ] GC(13)   Merge Heap Roots: 0.1ms
[2025-04-26T20:30:50.240+0000][4.426s][info ][gc,phases   ] GC(13)   Evacuate Collection Set: 10.3ms
[2025-04-26T20:30:50.240+0000][4.426s][info ][gc,phases   ] GC(13)   Post Evacuate Collection Set: 0.3ms
[2025-04-26T20:30:50.240+0000][4.426s][info ][gc,phases   ] GC(13)   Other: 0.1ms
[2025-04-26T20:30:50.240+0000][4.426s][info ][gc,heap     ] GC(13) Eden regions: 89->0(89)
[2025-04-26T20:30:50.240+0000][4.426s][info ][gc,heap     ] GC(13) Survivor regions: 13->13(13)
[2025-04-26T20:30:50.240+0000][4.426s][info ][gc,heap     ] GC(13) Old regions: 779->874
[2025-04-26T20:30:50.240+0000][4.426s][info ][gc,heap     ] GC(13) Humongous regions: 1->1
[2025-04-26T20:30:50.240+0000][4.426s][info ][gc,metaspace] GC(13) Metaspace: 96K(320K)->96K(320K) NonClass: 88K(192K)->88K(192K) Class: 7K(128K)->7K(128K)
[2025-04-26T20:30:50.240+0000][4.426s][debug][gc,heap     ] GC(13) Heap after GC invocations=14 (full 0):
[2025-04-26T20:30:50.240+0000][4.426s][debug][gc,heap     ] GC(13)  garbage-first heap   total 2097152K, used 907522K [0x0000000080000000, 0x0000000100000000)
[2025-04-26T20:30:50.240+0000][4.426s][debug][gc,heap     ] GC(13)   region size 1024K, 13 young (13312K), 13 survivors (13312K)
[2025-04-26T20:30:50.240+0000][4.426s][debug][gc,heap     ] GC(13)  Metaspace       used 96K, committed 320K, reserved 1114112K
[2025-04-26T20:30:50.240+0000][4.426s][debug][gc,heap     ] GC(13)   class space    used 7K, committed 128K, reserved 1048576K
[2025-04-26T20:30:50.240+0000][4.426s][info ][gc          ] GC(13) Pause Young (Prepare Mixed) (G1 Evacuation Pause) 880M->886M(2048M) 11.739ms
[2025-04-26T20:30:50.240+0000][4.426s][info ][gc,cpu      ] GC(13) User=0.01s Sys=0.00s Real=0.01s
[2025-04-26T20:30:50.760+0000][4.946s][info ][gc,start    ] GC(14) Pause Young (Mixed) (G1 Evacuation Pause)
[2025-04-26T20:30:50.760+0000][4.946s][debug][gc,heap     ] GC(14) Heap before GC invocations=14 (full 0):
[2025-04-26T20:30:50.760+0000][4.946s][debug][gc,heap     ] GC(14)  garbage-first heap   total 2097152K, used 998658K [0x0000000080000000, 0x0000000100000000)
[2025-04-26T20:30:50.760+0000][4.946s][debug][gc,heap     ] GC(14)   region size 1024K, 102 young (104448K), 13 survivors (13312K)
[2025-04-26T20:30:50.760+0000][4.946s][debug][gc,heap     ] GC(14)  Metaspace       used 96K, committed 320K, reserved 1114112K
[2025-04-26T20:30:50.760+0000][4.946s][debug][gc,heap     ] GC(14)   class space    used 7K, committed 128K, reserved 1048576K
[2025-04-26T20:30:50.760+0000][4.946s][info ][gc,task     ] GC(14) Using 2 workers of 2 for evacuation
[2025-04-26T20:30:50.769+0000][4.955s][info ][gc,phases   ] GC(14)   Pre Evacuate Collection Set: 0.2ms
[2025-04-26T20:30:50.769+0000][4.955s][info ][gc,phases   ] GC(14)   Merge Heap Roots: 0.0ms
[2025-04-26T20:30:50.769+0000][4.955s][info ][gc,phases   ] GC(14)   Evacuate Collection Set: 8.5ms
[2025-04-26T20:30:50.769+0000][4.955s][info ][gc,phases   ] GC(14)   Post Evacuate Collection Set: 0.2ms
[2025-04-26T20:30:50.769+0000][4.955s][info ][gc,phases   ] GC(14)   Other: 0.1ms
[2025-04-26T20:30:50.769+0000][4.955s][info ][gc,heap     ] GC(14) Eden regions: 89->0(89)
[2025-04-26T20:30:50.770+0000][4.955s][info ][gc,heap     ] GC(14) Survivor regions: 13->13(13)
[2025-04-26T20:30:50.770+0000][4.955s][info ][gc,heap     ] GC(14) Old regions: 874->962
[2025-04-26T20:30:50.770+0000][4.955s][info ][gc,heap     ] GC(14) Humongous regions: 1->1
[2025-04-26T20:30:50.770+0000][4.955s][info ][gc,metaspace] GC(14) Metaspace: 96K(320K)->96K(320K) NonClass: 88K(192K)->88K(192K) Class: 7K(128K)->7K(128K)
[2025-04-26T20:30:50.770+0000][4.956s][debug][gc,heap     ] GC(14) Heap after GC invocations=15 (full 0):
[2025-04-26T20:30:50.770+0000][4.956s][debug][gc,heap     ] GC(14)  garbage-first heap   total 2097152K, used 998424K [0x0000000080000000, 0x0000000100000000)
[2025-04-26T20:30:50.770+0000][4.956s][debug][gc,heap     ] GC(14)   region size 1024K, 13 young (13312K), 13 survivors (13312K)
[2025-04-26T20:30:50.770+0000][4.956s][debug][gc,heap     ] GC(14)  Metaspace       used 96K, committed 320K, reserved 1114112K
[2025-04-26T20:30:50.770+0000][4.956s][debug][gc,heap     ] GC(14)   class space    used 7K, committed 128K, reserved 1048576K
[2025-04-26T20:30:50.770+0000][4.956s][info ][gc          ] GC(14) Pause Young (Mixed) (G1 Evacuation Pause) 975M->975M(2048M) 10.045ms
[2025-04-26T20:30:50.770+0000][4.956s][info ][gc,cpu      ] GC(14) User=0.01s Sys=0.00s Real=0.01s
[2025-04-26T20:30:51.413+0000][5.599s][info ][gc,start    ] GC(15) Pause Young (Mixed) (G1 Evacuation Pause)
[2025-04-26T20:30:51.413+0000][5.599s][debug][gc,heap     ] GC(15) Heap before GC invocations=15 (full 0):
[2025-04-26T20:30:51.413+0000][5.599s][debug][gc,heap     ] GC(15)  garbage-first heap   total 2097152K, used 1089560K [0x0000000080000000, 0x0000000100000000)
[2025-04-26T20:30:51.413+0000][5.599s][debug][gc,heap     ] GC(15)   region size 1024K, 102 young (104448K), 13 survivors (13312K)
[2025-04-26T20:30:51.413+0000][5.599s][debug][gc,heap     ] GC(15)  Metaspace       used 96K, committed 320K, reserved 1114112K
[2025-04-26T20:30:51.413+0000][5.599s][debug][gc,heap     ] GC(15)   class space    used 7K, committed 128K, reserved 1048576K
[2025-04-26T20:30:51.413+0000][5.599s][info ][gc,task     ] GC(15) Using 2 workers of 2 for evacuation
[2025-04-26T20:30:51.424+0000][5.610s][info ][gc,phases   ] GC(15)   Pre Evacuate Collection Set: 0.2ms
[2025-04-26T20:30:51.424+0000][5.610s][info ][gc,phases   ] GC(15)   Merge Heap Roots: 0.0ms
[2025-04-26T20:30:51.424+0000][5.610s][info ][gc,phases   ] GC(15)   Evacuate Collection Set: 10.4ms
[2025-04-26T20:30:51.424+0000][5.610s][info ][gc,phases   ] GC(15)   Post Evacuate Collection Set: 0.2ms
[2025-04-26T20:30:51.424+0000][5.610s][info ][gc,phases   ] GC(15)   Other: 0.1ms
[2025-04-26T20:30:51.424+0000][5.610s][info ][gc,heap     ] GC(15) Eden regions: 89->0(89)
[2025-04-26T20:30:51.424+0000][5.610s][info ][gc,heap     ] GC(15) Survivor regions: 13->13(13)
[2025-04-26T20:30:51.424+0000][5.610s][info ][gc,heap     ] GC(15) Old regions: 962->1049
[2025-04-26T20:30:51.424+0000][5.610s][info ][gc,heap     ] GC(15) Humongous regions: 1->1
[2025-04-26T20:30:51.424+0000][5.610s][info ][gc,metaspace] GC(15) Metaspace: 96K(320K)->96K(320K) NonClass: 88K(192K)->88K(192K) Class: 7K(128K)->7K(128K)
[2025-04-26T20:30:51.424+0000][5.610s][debug][gc,heap     ] GC(15) Heap after GC invocations=16 (full 0):
[2025-04-26T20:30:51.424+0000][5.610s][debug][gc,heap     ] GC(15)  garbage-first heap   total 2097152K, used 1088388K [0x0000000080000000, 0x0000000100000000)
[2025-04-26T20:30:51.424+0000][5.610s][debug][gc,heap     ] GC(15)   region size 1024K, 13 young (13312K), 13 survivors (13312K)
[2025-04-26T20:30:51.424+0000][5.610s][debug][gc,heap     ] GC(15)  Metaspace       used 96K, committed 320K, reserved 1114112K
[2025-04-26T20:30:51.424+0000][5.610s][debug][gc,heap     ] GC(15)   class space    used 7K, committed 128K, reserved 1048576K
[2025-04-26T20:30:51.425+0000][5.610s][info ][gc          ] GC(15) Pause Young (Mixed) (G1 Evacuation Pause) 1064M->1062M(2048M) 11.437ms
[2025-04-26T20:30:51.425+0000][5.610s][info ][gc,cpu      ] GC(15) User=0.02s Sys=0.01s Real=0.01s
[2025-04-26T20:30:51.961+0000][6.146s][info ][gc,start    ] GC(16) Pause Young (Concurrent Start) (G1 Evacuation Pause)
[2025-04-26T20:30:51.961+0000][6.146s][debug][gc,heap     ] GC(16) Heap before GC invocations=16 (full 0):
[2025-04-26T20:30:51.961+0000][6.146s][debug][gc,heap     ] GC(16)  garbage-first heap   total 2097152K, used 1179524K [0x0000000080000000, 0x0000000100000000)
[2025-04-26T20:30:51.961+0000][6.147s][debug][gc,heap     ] GC(16)   region size 1024K, 102 young (104448K), 13 survivors (13312K)
[2025-04-26T20:30:51.961+0000][6.147s][debug][gc,heap     ] GC(16)  Metaspace       used 96K, committed 320K, reserved 1114112K
[2025-04-26T20:30:51.961+0000][6.147s][debug][gc,heap     ] GC(16)   class space    used 7K, committed 128K, reserved 1048576K
[2025-04-26T20:30:51.961+0000][6.147s][info ][gc,task     ] GC(16) Using 2 workers of 2 for evacuation
[2025-04-26T20:30:51.975+0000][6.161s][info ][gc,phases   ] GC(16)   Pre Evacuate Collection Set: 0.2ms
[2025-04-26T20:30:51.975+0000][6.161s][info ][gc,phases   ] GC(16)   Merge Heap Roots: 0.0ms
[2025-04-26T20:30:51.975+0000][6.161s][info ][gc,phases   ] GC(16)   Evacuate Collection Set: 14.0ms
[2025-04-26T20:30:51.975+0000][6.161s][info ][gc,phases   ] GC(16)   Post Evacuate Collection Set: 0.2ms
[2025-04-26T20:30:51.975+0000][6.161s][info ][gc,phases   ] GC(16)   Other: 0.1ms
[2025-04-26T20:30:51.975+0000][6.161s][info ][gc,heap     ] GC(16) Eden regions: 89->0(102)
[2025-04-26T20:30:51.975+0000][6.161s][info ][gc,heap     ] GC(16) Survivor regions: 13->13(13)
[2025-04-26T20:30:51.975+0000][6.161s][info ][gc,heap     ] GC(16) Old regions: 1049->1138
[2025-04-26T20:30:51.975+0000][6.161s][info ][gc,heap     ] GC(16) Humongous regions: 1->1
[2025-04-26T20:30:51.975+0000][6.161s][info ][gc,metaspace] GC(16) Metaspace: 96K(320K)->96K(320K) NonClass: 88K(192K)->88K(192K) Class: 7K(128K)->7K(128K)
[2025-04-26T20:30:51.975+0000][6.161s][debug][gc,heap     ] GC(16) Heap after GC invocations=17 (full 0):
[2025-04-26T20:30:51.975+0000][6.161s][debug][gc,heap     ] GC(16)  garbage-first heap   total 2097152K, used 1179185K [0x0000000080000000, 0x0000000100000000)
[2025-04-26T20:30:51.975+0000][6.161s][debug][gc,heap     ] GC(16)   region size 1024K, 13 young (13312K), 13 survivors (13312K)
[2025-04-26T20:30:51.975+0000][6.161s][debug][gc,heap     ] GC(16)  Metaspace       used 96K, committed 320K, reserved 1114112K
[2025-04-26T20:30:51.975+0000][6.161s][debug][gc,heap     ] GC(16)   class space    used 7K, committed 128K, reserved 1048576K
[2025-04-26T20:30:51.975+0000][6.161s][info ][gc          ] GC(16) Pause Young (Concurrent Start) (G1 Evacuation Pause) 1151M->1151M(2048M) 14.842ms
[2025-04-26T20:30:51.975+0000][6.161s][info ][gc          ] GC(17) Concurrent Mark Cycle
[2025-04-26T20:30:51.975+0000][6.161s][info ][gc,marking  ] GC(17) Concurrent Scan Root Regions
[2025-04-26T20:30:51.975+0000][6.161s][info ][gc,cpu      ] GC(16) User=0.01s Sys=0.02s Real=0.02s
[2025-04-26T20:30:51.976+0000][6.162s][info ][gc,marking  ] GC(17) Concurrent Scan Root Regions 1.003ms
[2025-04-26T20:30:51.977+0000][6.162s][info ][gc,marking  ] GC(17) Concurrent Mark
[2025-04-26T20:30:51.977+0000][6.162s][info ][gc,marking  ] GC(17) Concurrent Mark From Roots
[2025-04-26T20:30:51.977+0000][6.162s][info ][gc,task     ] GC(17) Using 1 workers of 1 for marking
[2025-04-26T20:30:52.001+0000][6.187s][info ][gc,marking  ] GC(17) Concurrent Mark From Roots 24.699ms
[2025-04-26T20:30:52.001+0000][6.187s][info ][gc,marking  ] GC(17) Concurrent Preclean
[2025-04-26T20:30:52.001+0000][6.187s][info ][gc,marking  ] GC(17) Concurrent Preclean 0.011ms
[2025-04-26T20:30:52.002+0000][6.188s][info ][gc,start    ] GC(17) Pause Remark
[2025-04-26T20:30:52.002+0000][6.188s][info ][gc          ] GC(17) Pause Remark 1153M->1153M(2048M) 0.413ms
[2025-04-26T20:30:52.002+0000][6.188s][info ][gc,cpu      ] GC(17) User=0.00s Sys=0.00s Real=0.00s
[2025-04-26T20:30:52.002+0000][6.188s][info ][gc,marking  ] GC(17) Concurrent Mark 25.729ms
[2025-04-26T20:30:52.002+0000][6.188s][info ][gc,marking  ] GC(17) Concurrent Rebuild Remembered Sets and Scrub Regions
[2025-04-26T20:30:52.023+0000][6.209s][info ][gc,marking  ] GC(17) Concurrent Rebuild Remembered Sets and Scrub Regions 20.613ms
[2025-04-26T20:30:52.025+0000][6.211s][info ][gc,start    ] GC(17) Pause Cleanup
[2025-04-26T20:30:52.025+0000][6.211s][info ][gc          ] GC(17) Pause Cleanup 1156M->1156M(2048M) 0.349ms
[2025-04-26T20:30:52.025+0000][6.211s][info ][gc,cpu      ] GC(17) User=0.00s Sys=0.00s Real=0.00s
[2025-04-26T20:30:52.025+0000][6.211s][info ][gc,marking  ] GC(17) Concurrent Clear Claimed Marks
[2025-04-26T20:30:52.025+0000][6.211s][info ][gc,marking  ] GC(17) Concurrent Clear Claimed Marks 0.010ms
[2025-04-26T20:30:52.025+0000][6.211s][info ][gc,marking  ] GC(17) Concurrent Cleanup for Next Mark
[2025-04-26T20:30:52.027+0000][6.213s][info ][gc,marking  ] GC(17) Concurrent Cleanup for Next Mark 1.599ms
[2025-04-26T20:30:52.027+0000][6.213s][info ][gc          ] GC(17) Concurrent Mark Cycle 51.438ms
[2025-04-26T20:30:52.546+0000][6.732s][info ][gc,start    ] GC(18) Pause Young (Prepare Mixed) (G1 Evacuation Pause)
[2025-04-26T20:30:52.546+0000][6.732s][debug][gc,heap     ] GC(18) Heap before GC invocations=18 (full 0):
[2025-04-26T20:30:52.546+0000][6.732s][debug][gc,heap     ] GC(18)  garbage-first heap   total 2097152K, used 1287729K [0x0000000080000000, 0x0000000100000000)
[2025-04-26T20:30:52.546+0000][6.732s][debug][gc,heap     ] GC(18)   region size 1024K, 119 young (121856K), 13 survivors (13312K)
[2025-04-26T20:30:52.546+0000][6.732s][debug][gc,heap     ] GC(18)  Metaspace       used 96K, committed 320K, reserved 1114112K
[2025-04-26T20:30:52.546+0000][6.732s][debug][gc,heap     ] GC(18)   class space    used 7K, committed 128K, reserved 1048576K
[2025-04-26T20:30:52.546+0000][6.732s][info ][gc,task     ] GC(18) Using 2 workers of 2 for evacuation
[2025-04-26T20:30:52.565+0000][6.751s][info ][gc,phases   ] GC(18)   Pre Evacuate Collection Set: 0.2ms
[2025-04-26T20:30:52.565+0000][6.751s][info ][gc,phases   ] GC(18)   Merge Heap Roots: 0.1ms
[2025-04-26T20:30:52.565+0000][6.751s][info ][gc,phases   ] GC(18)   Evacuate Collection Set: 18.2ms
[2025-04-26T20:30:52.565+0000][6.751s][info ][gc,phases   ] GC(18)   Post Evacuate Collection Set: 0.2ms
[2025-04-26T20:30:52.565+0000][6.751s][info ][gc,phases   ] GC(18)   Other: 0.1ms
[2025-04-26T20:30:52.565+0000][6.751s][info ][gc,heap     ] GC(18) Eden regions: 106->0(125)
[2025-04-26T20:30:52.565+0000][6.751s][info ][gc,heap     ] GC(18) Survivor regions: 13->15(15)
[2025-04-26T20:30:52.565+0000][6.751s][info ][gc,heap     ] GC(18) Old regions: 1138->1242
[2025-04-26T20:30:52.565+0000][6.751s][info ][gc,heap     ] GC(18) Humongous regions: 1->1
[2025-04-26T20:30:52.565+0000][6.751s][info ][gc,metaspace] GC(18) Metaspace: 96K(320K)->96K(320K) NonClass: 88K(192K)->88K(192K) Class: 7K(128K)->7K(128K)
[2025-04-26T20:30:52.565+0000][6.751s][debug][gc,heap     ] GC(18) Heap after GC invocations=19 (full 0):
[2025-04-26T20:30:52.565+0000][6.751s][debug][gc,heap     ] GC(18)  garbage-first heap   total 2097152K, used 1287346K [0x0000000080000000, 0x0000000100000000)
[2025-04-26T20:30:52.565+0000][6.751s][debug][gc,heap     ] GC(18)   region size 1024K, 15 young (15360K), 15 survivors (15360K)
[2025-04-26T20:30:52.565+0000][6.751s][debug][gc,heap     ] GC(18)  Metaspace       used 96K, committed 320K, reserved 1114112K
[2025-04-26T20:30:52.565+0000][6.751s][debug][gc,heap     ] GC(18)   class space    used 7K, committed 128K, reserved 1048576K
[2025-04-26T20:30:52.565+0000][6.751s][info ][gc          ] GC(18) Pause Young (Prepare Mixed) (G1 Evacuation Pause) 1257M->1257M(2048M) 18.999ms
[2025-04-26T20:30:52.565+0000][6.751s][info ][gc,cpu      ] GC(18) User=0.01s Sys=0.02s Real=0.02s
[2025-04-26T20:30:53.116+0000][7.301s][info ][gc,start    ] GC(19) Pause Young (Mixed) (G1 Evacuation Pause)
[2025-04-26T20:30:53.116+0000][7.301s][debug][gc,heap     ] GC(19) Heap before GC invocations=19 (full 0):
[2025-04-26T20:30:53.116+0000][7.301s][debug][gc,heap     ] GC(19)  garbage-first heap   total 2097152K, used 1401010K [0x0000000080000000, 0x0000000100000000)
[2025-04-26T20:30:53.116+0000][7.301s][debug][gc,heap     ] GC(19)   region size 1024K, 125 young (128000K), 15 survivors (15360K)
[2025-04-26T20:30:53.116+0000][7.301s][debug][gc,heap     ] GC(19)  Metaspace       used 96K, committed 320K, reserved 1114112K
[2025-04-26T20:30:53.116+0000][7.301s][debug][gc,heap     ] GC(19)   class space    used 7K, committed 128K, reserved 1048576K
[2025-04-26T20:30:53.116+0000][7.301s][info ][gc,task     ] GC(19) Using 2 workers of 2 for evacuation
[2025-04-26T20:30:53.141+0000][7.327s][info ][gc,phases   ] GC(19)   Pre Evacuate Collection Set: 0.2ms
[2025-04-26T20:30:53.141+0000][7.327s][info ][gc,phases   ] GC(19)   Merge Heap Roots: 0.0ms
[2025-04-26T20:30:53.141+0000][7.327s][info ][gc,phases   ] GC(19)   Evacuate Collection Set: 24.7ms
[2025-04-26T20:30:53.141+0000][7.327s][info ][gc,phases   ] GC(19)   Post Evacuate Collection Set: 0.2ms
[2025-04-26T20:30:53.141+0000][7.327s][info ][gc,phases   ] GC(19)   Other: 0.1ms
[2025-04-26T20:30:53.141+0000][7.327s][info ][gc,heap     ] GC(19) Eden regions: 110->0(124)
[2025-04-26T20:30:53.141+0000][7.327s][info ][gc,heap     ] GC(19) Survivor regions: 15->16(16)
[2025-04-26T20:30:53.141+0000][7.327s][info ][gc,heap     ] GC(19) Old regions: 1242->1386
[2025-04-26T20:30:53.141+0000][7.327s][info ][gc,heap     ] GC(19) Humongous regions: 2->2
[2025-04-26T20:30:53.141+0000][7.327s][info ][gc,metaspace] GC(19) Metaspace: 96K(320K)->96K(320K) NonClass: 88K(192K)->88K(192K) Class: 7K(128K)->7K(128K)
[2025-04-26T20:30:53.141+0000][7.327s][debug][gc,heap     ] GC(19) Heap after GC invocations=20 (full 0):
[2025-04-26T20:30:53.141+0000][7.327s][debug][gc,heap     ] GC(19)  garbage-first heap   total 2097152K, used 1437074K [0x0000000080000000, 0x0000000100000000)
[2025-04-26T20:30:53.141+0000][7.327s][debug][gc,heap     ] GC(19)   region size 1024K, 16 young (16384K), 16 survivors (16384K)
[2025-04-26T20:30:53.141+0000][7.327s][debug][gc,heap     ] GC(19)  Metaspace       used 96K, committed 320K, reserved 1114112K
[2025-04-26T20:30:53.141+0000][7.327s][debug][gc,heap     ] GC(19)   class space    used 7K, committed 128K, reserved 1048576K
[2025-04-26T20:30:53.141+0000][7.327s][info ][gc          ] GC(19) Pause Young (Mixed) (G1 Evacuation Pause) 1368M->1403M(2048M) 25.465ms
[2025-04-26T20:30:53.141+0000][7.327s][info ][gc,cpu      ] GC(19) User=0.02s Sys=0.02s Real=0.03s
[2025-04-26T20:30:53.791+0000][7.977s][info ][gc,start    ] GC(20) Pause Young (Concurrent Start) (G1 Evacuation Pause)
[2025-04-26T20:30:53.791+0000][7.977s][debug][gc,heap     ] GC(20) Heap before GC invocations=20 (full 0):
[2025-04-26T20:30:53.791+0000][7.977s][debug][gc,heap     ] GC(20)  garbage-first heap   total 2097152K, used 1568146K [0x0000000080000000, 0x0000000100000000)
[2025-04-26T20:30:53.791+0000][7.977s][debug][gc,heap     ] GC(20)   region size 1024K, 144 young (147456K), 16 survivors (16384K)
[2025-04-26T20:30:53.791+0000][7.977s][debug][gc,heap     ] GC(20)  Metaspace       used 96K, committed 320K, reserved 1114112K
[2025-04-26T20:30:53.791+0000][7.977s][debug][gc,heap     ] GC(20)   class space    used 7K, committed 128K, reserved 1048576K
[2025-04-26T20:30:53.791+0000][7.977s][info ][gc,task     ] GC(20) Using 2 workers of 2 for evacuation
[2025-04-26T20:30:53.813+0000][7.999s][info ][gc,phases   ] GC(20)   Pre Evacuate Collection Set: 0.3ms
[2025-04-26T20:30:53.813+0000][7.999s][info ][gc,phases   ] GC(20)   Merge Heap Roots: 0.0ms
[2025-04-26T20:30:53.813+0000][7.999s][info ][gc,phases   ] GC(20)   Evacuate Collection Set: 21.4ms
[2025-04-26T20:30:53.813+0000][7.999s][info ][gc,phases   ] GC(20)   Post Evacuate Collection Set: 0.2ms
[2025-04-26T20:30:53.813+0000][7.999s][info ][gc,phases   ] GC(20)   Other: 0.1ms
[2025-04-26T20:30:53.813+0000][7.999s][info ][gc,heap     ] GC(20) Eden regions: 128->0(151)
[2025-04-26T20:30:53.813+0000][7.999s][info ][gc,heap     ] GC(20) Survivor regions: 16->18(18)
[2025-04-26T20:30:53.813+0000][7.999s][info ][gc,heap     ] GC(20) Old regions: 1386->1509
[2025-04-26T20:30:53.813+0000][7.999s][info ][gc,heap     ] GC(20) Humongous regions: 2->2
[2025-04-26T20:30:53.813+0000][7.999s][info ][gc,metaspace] GC(20) Metaspace: 96K(320K)->96K(320K) NonClass: 88K(192K)->88K(192K) Class: 7K(128K)->7K(128K)
[2025-04-26T20:30:53.813+0000][7.999s][debug][gc,heap     ] GC(20) Heap after GC invocations=21 (full 0):
[2025-04-26T20:30:53.813+0000][7.999s][debug][gc,heap     ] GC(20)  garbage-first heap   total 2097152K, used 1565453K [0x0000000080000000, 0x0000000100000000)
[2025-04-26T20:30:53.813+0000][7.999s][debug][gc,heap     ] GC(20)   region size 1024K, 18 young (18432K), 18 survivors (18432K)
[2025-04-26T20:30:53.813+0000][7.999s][debug][gc,heap     ] GC(20)  Metaspace       used 96K, committed 320K, reserved 1114112K
[2025-04-26T20:30:53.813+0000][7.999s][debug][gc,heap     ] GC(20)   class space    used 7K, committed 128K, reserved 1048576K
[2025-04-26T20:30:53.813+0000][7.999s][info ][gc          ] GC(20) Pause Young (Concurrent Start) (G1 Evacuation Pause) 1531M->1528M(2048M) 22.250ms
[2025-04-26T20:30:53.813+0000][7.999s][info ][gc          ] GC(21) Concurrent Mark Cycle
[2025-04-26T20:30:53.813+0000][7.999s][info ][gc,marking  ] GC(21) Concurrent Scan Root Regions
[2025-04-26T20:30:53.813+0000][7.999s][info ][gc,cpu      ] GC(20) User=0.02s Sys=0.03s Real=0.02s
[2025-04-26T20:30:53.815+0000][8.001s][info ][gc,marking  ] GC(21) Concurrent Scan Root Regions 1.497ms
[2025-04-26T20:30:53.815+0000][8.001s][info ][gc,marking  ] GC(21) Concurrent Mark
[2025-04-26T20:30:53.815+0000][8.001s][info ][gc,marking  ] GC(21) Concurrent Mark From Roots
[2025-04-26T20:30:53.815+0000][8.001s][info ][gc,task     ] GC(21) Using 1 workers of 1 for marking
[2025-04-26T20:30:53.849+0000][8.035s][info ][gc,marking  ] GC(21) Concurrent Mark From Roots 34.289ms
[2025-04-26T20:30:53.849+0000][8.035s][info ][gc,marking  ] GC(21) Concurrent Preclean
[2025-04-26T20:30:53.849+0000][8.035s][info ][gc,marking  ] GC(21) Concurrent Preclean 0.012ms
[2025-04-26T20:30:53.849+0000][8.035s][info ][gc,start    ] GC(21) Pause Remark
[2025-04-26T20:30:53.850+0000][8.035s][info ][gc          ] GC(21) Pause Remark 1531M->1530M(2048M) 0.339ms
[2025-04-26T20:30:53.850+0000][8.035s][info ][gc,cpu      ] GC(21) User=0.00s Sys=0.00s Real=0.00s
[2025-04-26T20:30:53.850+0000][8.036s][info ][gc,marking  ] GC(21) Concurrent Mark 34.849ms
[2025-04-26T20:30:53.850+0000][8.036s][info ][gc,marking  ] GC(21) Concurrent Rebuild Remembered Sets and Scrub Regions
[2025-04-26T20:30:53.881+0000][8.067s][info ][gc,marking  ] GC(21) Concurrent Rebuild Remembered Sets and Scrub Regions 31.396ms
[2025-04-26T20:30:53.888+0000][8.074s][info ][gc,start    ] GC(21) Pause Cleanup
[2025-04-26T20:30:53.889+0000][8.074s][info ][gc          ] GC(21) Pause Cleanup 1533M->1533M(2048M) 0.687ms
[2025-04-26T20:30:53.889+0000][8.074s][info ][gc,cpu      ] GC(21) User=0.00s Sys=0.00s Real=0.00s
[2025-04-26T20:30:53.889+0000][8.074s][info ][gc,marking  ] GC(21) Concurrent Clear Claimed Marks
[2025-04-26T20:30:53.889+0000][8.074s][info ][gc,marking  ] GC(21) Concurrent Clear Claimed Marks 0.008ms
[2025-04-26T20:30:53.889+0000][8.074s][info ][gc,marking  ] GC(21) Concurrent Cleanup for Next Mark
[2025-04-26T20:30:53.890+0000][8.076s][info ][gc,marking  ] GC(21) Concurrent Cleanup for Next Mark 1.521ms
[2025-04-26T20:30:53.890+0000][8.076s][info ][gc          ] GC(21) Concurrent Mark Cycle 76.874ms
[2025-04-26T20:30:54.644+0000][8.830s][info ][gc,start    ] GC(22) Pause Young (Prepare Mixed) (G1 Evacuation Pause)
[2025-04-26T20:30:54.644+0000][8.830s][debug][gc,heap     ] GC(22) Heap before GC invocations=22 (full 0):
[2025-04-26T20:30:54.644+0000][8.830s][debug][gc,heap     ] GC(22)  garbage-first heap   total 2097152K, used 1721101K [0x0000000080000000, 0x0000000100000000)
[2025-04-26T20:30:54.644+0000][8.830s][debug][gc,heap     ] GC(22)   region size 1024K, 171 young (175104K), 18 survivors (18432K)
[2025-04-26T20:30:54.644+0000][8.830s][debug][gc,heap     ] GC(22)  Metaspace       used 96K, committed 320K, reserved 1114112K
[2025-04-26T20:30:54.644+0000][8.830s][debug][gc,heap     ] GC(22)   class space    used 7K, committed 128K, reserved 1048576K
[2025-04-26T20:30:54.644+0000][8.830s][info ][gc,task     ] GC(22) Using 2 workers of 2 for evacuation
[2025-04-26T20:30:54.669+0000][8.855s][info ][gc,phases   ] GC(22)   Pre Evacuate Collection Set: 0.2ms
[2025-04-26T20:30:54.669+0000][8.855s][info ][gc,phases   ] GC(22)   Merge Heap Roots: 0.0ms
[2025-04-26T20:30:54.669+0000][8.855s][info ][gc,phases   ] GC(22)   Evacuate Collection Set: 24.5ms
[2025-04-26T20:30:54.669+0000][8.855s][info ][gc,phases   ] GC(22)   Post Evacuate Collection Set: 0.2ms
[2025-04-26T20:30:54.669+0000][8.855s][info ][gc,phases   ] GC(22)   Other: 0.1ms
[2025-04-26T20:30:54.669+0000][8.855s][info ][gc,heap     ] GC(22) Eden regions: 153->0(115)
[2025-04-26T20:30:54.669+0000][8.855s][info ][gc,heap     ] GC(22) Survivor regions: 18->22(22)
[2025-04-26T20:30:54.669+0000][8.855s][info ][gc,heap     ] GC(22) Old regions: 1509->1653
[2025-04-26T20:30:54.669+0000][8.855s][info ][gc,heap     ] GC(22) Humongous regions: 1->1
[2025-04-26T20:30:54.669+0000][8.855s][info ][gc,metaspace] GC(22) Metaspace: 96K(320K)->96K(320K) NonClass: 88K(192K)->88K(192K) Class: 7K(128K)->7K(128K)
[2025-04-26T20:30:54.669+0000][8.855s][debug][gc,heap     ] GC(22) Heap after GC invocations=23 (full 0):
[2025-04-26T20:30:54.669+0000][8.855s][debug][gc,heap     ] GC(22)  garbage-first heap   total 2097152K, used 1715843K [0x0000000080000000, 0x0000000100000000)
[2025-04-26T20:30:54.669+0000][8.855s][debug][gc,heap     ] GC(22)   region size 1024K, 22 young (22528K), 22 survivors (22528K)
[2025-04-26T20:30:54.669+0000][8.855s][debug][gc,heap     ] GC(22)  Metaspace       used 96K, committed 320K, reserved 1114112K
[2025-04-26T20:30:54.669+0000][8.855s][debug][gc,heap     ] GC(22)   class space    used 7K, committed 128K, reserved 1048576K
[2025-04-26T20:30:54.669+0000][8.855s][info ][gc          ] GC(22) Pause Young (Prepare Mixed) (G1 Evacuation Pause) 1680M->1675M(2048M) 25.389ms
[2025-04-26T20:30:54.669+0000][8.855s][info ][gc,cpu      ] GC(22) User=0.02s Sys=0.03s Real=0.02s
[2025-04-26T20:30:55.236+0000][9.422s][info ][gc,start    ] GC(23) Pause Young (Mixed) (G1 Evacuation Pause)
[2025-04-26T20:30:55.236+0000][9.422s][debug][gc,heap     ] GC(23) Heap before GC invocations=23 (full 0):
[2025-04-26T20:30:55.236+0000][9.422s][debug][gc,heap     ] GC(23)  garbage-first heap   total 2097152K, used 1833603K [0x0000000080000000, 0x0000000100000000)
[2025-04-26T20:30:55.236+0000][9.422s][debug][gc,heap     ] GC(23)   region size 1024K, 137 young (140288K), 22 survivors (22528K)
[2025-04-26T20:30:55.236+0000][9.422s][debug][gc,heap     ] GC(23)  Metaspace       used 96K, committed 320K, reserved 1114112K
[2025-04-26T20:30:55.236+0000][9.422s][debug][gc,heap     ] GC(23)   class space    used 7K, committed 128K, reserved 1048576K
[2025-04-26T20:30:55.236+0000][9.422s][info ][gc,task     ] GC(23) Using 2 workers of 2 for evacuation
[2025-04-26T20:30:55.257+0000][9.443s][info ][gc,phases   ] GC(23)   Pre Evacuate Collection Set: 0.2ms
[2025-04-26T20:30:55.257+0000][9.443s][info ][gc,phases   ] GC(23)   Merge Heap Roots: 0.0ms
[2025-04-26T20:30:55.257+0000][9.443s][info ][gc,phases   ] GC(23)   Evacuate Collection Set: 20.7ms
[2025-04-26T20:30:55.257+0000][9.443s][info ][gc,phases   ] GC(23)   Post Evacuate Collection Set: 0.3ms
[2025-04-26T20:30:55.257+0000][9.443s][info ][gc,phases   ] GC(23)   Other: 0.1ms
[2025-04-26T20:30:55.257+0000][9.443s][info ][gc,heap     ] GC(23) Eden regions: 115->0(84)
[2025-04-26T20:30:55.257+0000][9.443s][info ][gc,heap     ] GC(23) Survivor regions: 22->18(18)
[2025-04-26T20:30:55.257+0000][9.443s][info ][gc,heap     ] GC(23) Old regions: 1653->1765
[2025-04-26T20:30:55.257+0000][9.443s][info ][gc,heap     ] GC(23) Humongous regions: 1->1
[2025-04-26T20:30:55.257+0000][9.443s][info ][gc,metaspace] GC(23) Metaspace: 96K(320K)->96K(320K) NonClass: 88K(192K)->88K(192K) Class: 7K(128K)->7K(128K)
[2025-04-26T20:30:55.257+0000][9.443s][debug][gc,heap     ] GC(23) Heap after GC invocations=24 (full 0):
[2025-04-26T20:30:55.257+0000][9.443s][debug][gc,heap     ] GC(23)  garbage-first heap   total 2097152K, used 1826438K [0x0000000080000000, 0x0000000100000000)
[2025-04-26T20:30:55.257+0000][9.443s][debug][gc,heap     ] GC(23)   region size 1024K, 18 young (18432K), 18 survivors (18432K)
[2025-04-26T20:30:55.257+0000][9.443s][debug][gc,heap     ] GC(23)  Metaspace       used 96K, committed 320K, reserved 1114112K
[2025-04-26T20:30:55.257+0000][9.443s][debug][gc,heap     ] GC(23)   class space    used 7K, committed 128K, reserved 1048576K
[2025-04-26T20:30:55.257+0000][9.443s][info ][gc          ] GC(23) Pause Young (Mixed) (G1 Evacuation Pause) 1790M->1783M(2048M) 21.662ms
[2025-04-26T20:30:55.257+0000][9.443s][info ][gc,cpu      ] GC(23) User=0.02s Sys=0.02s Real=0.02s
[2025-04-26T20:30:55.672+0000][9.858s][info ][gc,start    ] GC(24) Pause Young (Concurrent Start) (G1 Evacuation Pause)
[2025-04-26T20:30:55.672+0000][9.858s][debug][gc,heap     ] GC(24) Heap before GC invocations=24 (full 0):
[2025-04-26T20:30:55.672+0000][9.858s][debug][gc,heap     ] GC(24)  garbage-first heap   total 2097152K, used 1912454K [0x0000000080000000, 0x0000000100000000)
[2025-04-26T20:30:55.672+0000][9.858s][debug][gc,heap     ] GC(24)   region size 1024K, 102 young (104448K), 18 survivors (18432K)
[2025-04-26T20:30:55.672+0000][9.858s][debug][gc,heap     ] GC(24)  Metaspace       used 96K, committed 320K, reserved 1114112K
[2025-04-26T20:30:55.672+0000][9.858s][debug][gc,heap     ] GC(24)   class space    used 7K, committed 128K, reserved 1048576K
[2025-04-26T20:30:55.672+0000][9.858s][info ][gc,task     ] GC(24) Using 2 workers of 2 for evacuation
[2025-04-26T20:30:55.686+0000][9.872s][info ][gc,phases   ] GC(24)   Pre Evacuate Collection Set: 0.2ms
[2025-04-26T20:30:55.686+0000][9.872s][info ][gc,phases   ] GC(24)   Merge Heap Roots: 0.0ms
[2025-04-26T20:30:55.686+0000][9.872s][info ][gc,phases   ] GC(24)   Evacuate Collection Set: 13.3ms
[2025-04-26T20:30:55.686+0000][9.872s][info ][gc,phases   ] GC(24)   Post Evacuate Collection Set: 0.2ms
[2025-04-26T20:30:55.686+0000][9.872s][info ][gc,phases   ] GC(24)   Other: 0.1ms
[2025-04-26T20:30:55.686+0000][9.872s][info ][gc,heap     ] GC(24) Eden regions: 84->0(89)
[2025-04-26T20:30:55.686+0000][9.872s][info ][gc,heap     ] GC(24) Survivor regions: 18->13(13)
[2025-04-26T20:30:55.686+0000][9.872s][info ][gc,heap     ] GC(24) Old regions: 1765->1854
[2025-04-26T20:30:55.686+0000][9.872s][info ][gc,heap     ] GC(24) Humongous regions: 1->1
[2025-04-26T20:30:55.686+0000][9.872s][info ][gc,metaspace] GC(24) Metaspace: 96K(320K)->96K(320K) NonClass: 88K(192K)->88K(192K) Class: 7K(128K)->7K(128K)
[2025-04-26T20:30:55.686+0000][9.872s][debug][gc,heap     ] GC(24) Heap after GC invocations=25 (full 0):
[2025-04-26T20:30:55.686+0000][9.872s][debug][gc,heap     ] GC(24)  garbage-first heap   total 2097152K, used 1912148K [0x0000000080000000, 0x0000000100000000)
[2025-04-26T20:30:55.686+0000][9.872s][debug][gc,heap     ] GC(24)   region size 1024K, 13 young (13312K), 13 survivors (13312K)
[2025-04-26T20:30:55.686+0000][9.872s][debug][gc,heap     ] GC(24)  Metaspace       used 96K, committed 320K, reserved 1114112K
[2025-04-26T20:30:55.686+0000][9.872s][debug][gc,heap     ] GC(24)   class space    used 7K, committed 128K, reserved 1048576K
[2025-04-26T20:30:55.686+0000][9.872s][info ][gc          ] GC(24) Pause Young (Concurrent Start) (G1 Evacuation Pause) 1867M->1867M(2048M) 14.159ms
[2025-04-26T20:30:55.686+0000][9.872s][info ][gc          ] GC(25) Concurrent Mark Cycle
[2025-04-26T20:30:55.686+0000][9.872s][info ][gc,marking  ] GC(25) Concurrent Scan Root Regions
[2025-04-26T20:30:55.686+0000][9.872s][info ][gc,cpu      ] GC(24) User=0.01s Sys=0.02s Real=0.01s
[2025-04-26T20:30:55.691+0000][9.877s][info ][gc,marking  ] GC(25) Concurrent Scan Root Regions 4.857ms
[2025-04-26T20:30:55.691+0000][9.877s][info ][gc,marking  ] GC(25) Concurrent Mark
[2025-04-26T20:30:55.691+0000][9.877s][info ][gc,marking  ] GC(25) Concurrent Mark From Roots
[2025-04-26T20:30:55.691+0000][9.877s][info ][gc,task     ] GC(25) Using 1 workers of 1 for marking
[2025-04-26T20:30:55.733+0000][9.919s][info ][gc,marking  ] GC(25) Concurrent Mark From Roots 42.246ms
[2025-04-26T20:30:55.733+0000][9.919s][info ][gc,marking  ] GC(25) Concurrent Preclean
[2025-04-26T20:30:55.733+0000][9.919s][info ][gc,marking  ] GC(25) Concurrent Preclean 0.013ms
[2025-04-26T20:30:55.733+0000][9.919s][info ][gc,start    ] GC(25) Pause Remark
[2025-04-26T20:30:55.734+0000][9.920s][info ][gc          ] GC(25) Pause Remark 1871M->1871M(2048M) 0.389ms
[2025-04-26T20:30:55.734+0000][9.920s][info ][gc,cpu      ] GC(25) User=0.00s Sys=0.00s Real=0.00s
[2025-04-26T20:30:55.734+0000][9.920s][info ][gc,marking  ] GC(25) Concurrent Mark 43.050ms
[2025-04-26T20:30:55.734+0000][9.920s][info ][gc,marking  ] GC(25) Concurrent Rebuild Remembered Sets and Scrub Regions
[2025-04-26T20:30:55.773+0000][9.959s][info ][gc,marking  ] GC(25) Concurrent Rebuild Remembered Sets and Scrub Regions 39.507ms
[2025-04-26T20:30:55.774+0000][9.959s][info ][gc,start    ] GC(25) Pause Cleanup
[2025-04-26T20:30:55.774+0000][9.960s][info ][gc          ] GC(25) Pause Cleanup 1875M->1875M(2048M) 0.494ms
[2025-04-26T20:30:55.774+0000][9.960s][info ][gc,cpu      ] GC(25) User=0.00s Sys=0.00s Real=0.00s
[2025-04-26T20:30:55.774+0000][9.960s][info ][gc,marking  ] GC(25) Concurrent Clear Claimed Marks
[2025-04-26T20:30:55.774+0000][9.960s][info ][gc,marking  ] GC(25) Concurrent Clear Claimed Marks 0.018ms
[2025-04-26T20:30:55.774+0000][9.960s][info ][gc,marking  ] GC(25) Concurrent Cleanup for Next Mark
[2025-04-26T20:30:55.776+0000][9.962s][info ][gc,marking  ] GC(25) Concurrent Cleanup for Next Mark 1.494ms
[2025-04-26T20:30:55.776+0000][9.962s][info ][gc          ] GC(25) Concurrent Mark Cycle 89.845ms
[2025-04-26T20:30:56.226+0000][10.411s][info ][gc,start    ] GC(26) Pause Young (Prepare Mixed) (G1 Evacuation Pause)
[2025-04-26T20:30:56.226+0000][10.412s][debug][gc,heap     ] GC(26) Heap before GC invocations=26 (full 0):
[2025-04-26T20:30:56.226+0000][10.412s][debug][gc,heap     ] GC(26)  garbage-first heap   total 2097152K, used 2003284K [0x0000000080000000, 0x0000000100000000)
[2025-04-26T20:30:56.226+0000][10.412s][debug][gc,heap     ] GC(26)   region size 1024K, 102 young (104448K), 13 survivors (13312K)
[2025-04-26T20:30:56.226+0000][10.412s][debug][gc,heap     ] GC(26)  Metaspace       used 96K, committed 320K, reserved 1114112K
[2025-04-26T20:30:56.226+0000][10.412s][debug][gc,heap     ] GC(26)   class space    used 7K, committed 128K, reserved 1048576K
[2025-04-26T20:30:56.226+0000][10.412s][info ][gc,task     ] GC(26) Using 2 workers of 2 for evacuation
[2025-04-26T20:30:56.234+0000][10.420s][info ][gc,phases   ] GC(26)   Pre Evacuate Collection Set: 0.2ms
[2025-04-26T20:30:56.234+0000][10.420s][info ][gc,phases   ] GC(26)   Merge Heap Roots: 0.0ms
[2025-04-26T20:30:56.234+0000][10.420s][info ][gc,phases   ] GC(26)   Evacuate Collection Set: 7.4ms
[2025-04-26T20:30:56.234+0000][10.420s][info ][gc,phases   ] GC(26)   Post Evacuate Collection Set: 0.3ms
[2025-04-26T20:30:56.234+0000][10.420s][info ][gc,phases   ] GC(26)   Other: 0.1ms
[2025-04-26T20:30:56.234+0000][10.420s][info ][gc,heap     ] GC(26) Eden regions: 89->0(76)
[2025-04-26T20:30:56.234+0000][10.420s][info ][gc,heap     ] GC(26) Survivor regions: 13->13(13)
[2025-04-26T20:30:56.234+0000][10.420s][info ][gc,heap     ] GC(26) Old regions: 1854->1945
[2025-04-26T20:30:56.234+0000][10.420s][info ][gc,heap     ] GC(26) Humongous regions: 1->1
[2025-04-26T20:30:56.234+0000][10.420s][info ][gc,metaspace] GC(26) Metaspace: 96K(320K)->96K(320K) NonClass: 88K(192K)->88K(192K) Class: 7K(128K)->7K(128K)
[2025-04-26T20:30:56.234+0000][10.420s][debug][gc,heap     ] GC(26) Heap after GC invocations=27 (full 0):
[2025-04-26T20:30:56.234+0000][10.420s][debug][gc,heap     ] GC(26)  garbage-first heap   total 2097152K, used 2006016K [0x0000000080000000, 0x0000000100000000)
[2025-04-26T20:30:56.234+0000][10.420s][debug][gc,heap     ] GC(26)   region size 1024K, 13 young (13312K), 13 survivors (13312K)
[2025-04-26T20:30:56.234+0000][10.420s][debug][gc,heap     ] GC(26)  Metaspace       used 96K, committed 320K, reserved 1114112K
[2025-04-26T20:30:56.234+0000][10.420s][debug][gc,heap     ] GC(26)   class space    used 7K, committed 128K, reserved 1048576K
[2025-04-26T20:30:56.234+0000][10.420s][info ][gc          ] GC(26) Pause Young (Prepare Mixed) (G1 Evacuation Pause) (Evacuation Failure) 1956M->1959M(2048M) 8.801ms
[2025-04-26T20:30:56.234+0000][10.420s][info ][gc,cpu      ] GC(26) User=0.01s Sys=0.00s Real=0.01s
[2025-04-26T20:30:56.614+0000][10.800s][info ][gc,start    ] GC(27) Pause Young (Mixed) (G1 Evacuation Pause)
[2025-04-26T20:30:56.614+0000][10.800s][debug][gc,heap     ] GC(27) Heap before GC invocations=27 (full 0):
[2025-04-26T20:30:56.614+0000][10.800s][debug][gc,heap     ] GC(27)  garbage-first heap   total 2097152K, used 2083840K [0x0000000080000000, 0x0000000100000000)
[2025-04-26T20:30:56.614+0000][10.800s][debug][gc,heap     ] GC(27)   region size 1024K, 89 young (91136K), 13 survivors (13312K)
[2025-04-26T20:30:56.614+0000][10.800s][debug][gc,heap     ] GC(27)  Metaspace       used 96K, committed 320K, reserved 1114112K
[2025-04-26T20:30:56.614+0000][10.800s][debug][gc,heap     ] GC(27)   class space    used 7K, committed 128K, reserved 1048576K
[2025-04-26T20:30:56.614+0000][10.800s][info ][gc,task     ] GC(27) Using 2 workers of 2 for evacuation
[2025-04-26T20:30:56.619+0000][10.805s][info ][gc,phases   ] GC(27)   Pre Evacuate Collection Set: 0.3ms
[2025-04-26T20:30:56.619+0000][10.805s][info ][gc,phases   ] GC(27)   Merge Heap Roots: 0.0ms
[2025-04-26T20:30:56.619+0000][10.805s][info ][gc,phases   ] GC(27)   Evacuate Collection Set: 3.1ms
[2025-04-26T20:30:56.619+0000][10.805s][info ][gc,phases   ] GC(27)   Post Evacuate Collection Set: 1.9ms
[2025-04-26T20:30:56.620+0000][10.805s][info ][gc,phases   ] GC(27)   Other: 0.1ms
[2025-04-26T20:30:56.620+0000][10.805s][info ][gc,heap     ] GC(27) Eden regions: 76->0(14)
[2025-04-26T20:30:56.620+0000][10.805s][info ][gc,heap     ] GC(27) Survivor regions: 13->0(12)
[2025-04-26T20:30:56.620+0000][10.805s][info ][gc,heap     ] GC(27) Old regions: 1945->2033
[2025-04-26T20:30:56.620+0000][10.805s][info ][gc,heap     ] GC(27) Humongous regions: 1->1
[2025-04-26T20:30:56.620+0000][10.805s][info ][gc,metaspace] GC(27) Metaspace: 96K(320K)->96K(320K) NonClass: 88K(192K)->88K(192K) Class: 7K(128K)->7K(128K)
[2025-04-26T20:30:56.620+0000][10.805s][debug][gc,heap     ] GC(27) Heap after GC invocations=28 (full 0):
[2025-04-26T20:30:56.620+0000][10.806s][debug][gc,heap     ] GC(27)  garbage-first heap   total 2097152K, used 2082816K [0x0000000080000000, 0x0000000100000000)
[2025-04-26T20:30:56.620+0000][10.806s][debug][gc,heap     ] GC(27)   region size 1024K, 0 young (0K), 0 survivors (0K)
[2025-04-26T20:30:56.620+0000][10.806s][debug][gc,heap     ] GC(27)  Metaspace       used 96K, committed 320K, reserved 1114112K
[2025-04-26T20:30:56.620+0000][10.806s][debug][gc,heap     ] GC(27)   class space    used 7K, committed 128K, reserved 1048576K
[2025-04-26T20:30:56.620+0000][10.806s][info ][gc          ] GC(27) Pause Young (Mixed) (G1 Evacuation Pause) (Evacuation Failure) 2035M->2034M(2048M) 5.896ms
[2025-04-26T20:30:56.620+0000][10.806s][info ][gc,cpu      ] GC(27) User=0.00s Sys=0.01s Real=0.00s
[2025-04-26T20:30:56.723+0000][10.908s][info ][gc,start    ] GC(28) Pause Young (Concurrent Start) (G1 Evacuation Pause)
[2025-04-26T20:30:56.723+0000][10.909s][debug][gc,heap     ] GC(28) Heap before GC invocations=28 (full 0):
[2025-04-26T20:30:56.723+0000][10.909s][debug][gc,heap     ] GC(28)  garbage-first heap   total 2097152K, used 2097152K [0x0000000080000000, 0x0000000100000000)
[2025-04-26T20:30:56.723+0000][10.909s][debug][gc,heap     ] GC(28)   region size 1024K, 14 young (14336K), 0 survivors (0K)
[2025-04-26T20:30:56.723+0000][10.909s][debug][gc,heap     ] GC(28)  Metaspace       used 96K, committed 320K, reserved 1114112K
[2025-04-26T20:30:56.723+0000][10.909s][debug][gc,heap     ] GC(28)   class space    used 7K, committed 128K, reserved 1048576K
[2025-04-26T20:30:56.723+0000][10.909s][info ][gc,task     ] GC(28) Using 2 workers of 2 for evacuation
[2025-04-26T20:30:56.724+0000][10.910s][info ][gc,phases   ] GC(28)   Pre Evacuate Collection Set: 0.2ms
[2025-04-26T20:30:56.724+0000][10.910s][info ][gc,phases   ] GC(28)   Merge Heap Roots: 0.0ms
[2025-04-26T20:30:56.724+0000][10.910s][info ][gc,phases   ] GC(28)   Evacuate Collection Set: 0.5ms
[2025-04-26T20:30:56.724+0000][10.910s][info ][gc,phases   ] GC(28)   Post Evacuate Collection Set: 0.3ms
[2025-04-26T20:30:56.724+0000][10.910s][info ][gc,phases   ] GC(28)   Other: 0.1ms
[2025-04-26T20:30:56.724+0000][10.910s][info ][gc,heap     ] GC(28) Eden regions: 14->0(0)
[2025-04-26T20:30:56.724+0000][10.910s][info ][gc,heap     ] GC(28) Survivor regions: 0->0(0)
[2025-04-26T20:30:56.724+0000][10.910s][info ][gc,heap     ] GC(28) Old regions: 2033->2047
[2025-04-26T20:30:56.724+0000][10.910s][info ][gc,heap     ] GC(28) Humongous regions: 1->1
[2025-04-26T20:30:56.724+0000][10.910s][info ][gc,metaspace] GC(28) Metaspace: 96K(320K)->96K(320K) NonClass: 88K(192K)->88K(192K) Class: 7K(128K)->7K(128K)
[2025-04-26T20:30:56.724+0000][10.910s][debug][gc,heap     ] GC(28) Heap after GC invocations=29 (full 0):
[2025-04-26T20:30:56.724+0000][10.910s][debug][gc,heap     ] GC(28)  garbage-first heap   total 2097152K, used 2097152K [0x0000000080000000, 0x0000000100000000)
[2025-04-26T20:30:56.724+0000][10.910s][debug][gc,heap     ] GC(28)   region size 1024K, 0 young (0K), 0 survivors (0K)
[2025-04-26T20:30:56.724+0000][10.910s][debug][gc,heap     ] GC(28)  Metaspace       used 96K, committed 320K, reserved 1114112K
[2025-04-26T20:30:56.724+0000][10.910s][debug][gc,heap     ] GC(28)   class space    used 7K, committed 128K, reserved 1048576K
[2025-04-26T20:30:56.724+0000][10.910s][info ][gc          ] GC(28) Pause Young (Concurrent Start) (G1 Evacuation Pause) (Evacuation Failure) 2048M->2048M(2048M) 1.352ms
[2025-04-26T20:30:56.724+0000][10.910s][info ][gc          ] GC(29) Concurrent Mark Cycle
[2025-04-26T20:30:56.724+0000][10.910s][info ][gc,marking  ] GC(29) Concurrent Scan Root Regions
[2025-04-26T20:30:56.724+0000][10.910s][info ][gc,marking  ] GC(29) Concurrent Scan Root Regions 0.007ms
[2025-04-26T20:30:56.724+0000][10.910s][info ][gc,marking  ] GC(29) Concurrent Mark
[2025-04-26T20:30:56.724+0000][10.910s][info ][gc,marking  ] GC(29) Concurrent Mark From Roots
[2025-04-26T20:30:56.724+0000][10.910s][info ][gc,task     ] GC(29) Using 1 workers of 1 for marking
[2025-04-26T20:30:56.724+0000][10.910s][info ][gc,cpu      ] GC(28) User=0.00s Sys=0.00s Real=0.00s
[2025-04-26T20:30:56.724+0000][10.910s][info ][gc,ergo     ] Attempting full compaction
[2025-04-26T20:30:56.724+0000][10.910s][info ][gc,start    ] GC(30) Pause Full (G1 Compaction Pause)
[2025-04-26T20:30:56.724+0000][10.910s][debug][gc,heap     ] GC(30) Heap before GC invocations=29 (full 0):
[2025-04-26T20:30:56.724+0000][10.910s][debug][gc,heap     ] GC(30)  garbage-first heap   total 2097152K, used 2097152K [0x0000000080000000, 0x0000000100000000)
[2025-04-26T20:30:56.724+0000][10.910s][debug][gc,heap     ] GC(30)   region size 1024K, 0 young (0K), 0 survivors (0K)
[2025-04-26T20:30:56.724+0000][10.910s][debug][gc,heap     ] GC(30)  Metaspace       used 96K, committed 320K, reserved 1114112K
[2025-04-26T20:30:56.724+0000][10.910s][debug][gc,heap     ] GC(30)   class space    used 7K, committed 128K, reserved 1048576K
[2025-04-26T20:30:56.724+0000][10.910s][info ][gc,task     ] GC(30) Using 2 workers of 2 for full compaction
[2025-04-26T20:30:56.726+0000][10.912s][info ][gc,phases,start] GC(30) Phase 1: Mark live objects
[2025-04-26T20:30:56.742+0000][10.927s][info ][gc,phases      ] GC(30) Phase 1: Mark live objects 15.064ms
[2025-04-26T20:30:56.742+0000][10.927s][info ][gc,phases,start] GC(30) Phase 2: Prepare compaction
[2025-04-26T20:30:56.742+0000][10.928s][info ][gc,phases      ] GC(30) Phase 2: Prepare compaction 0.369ms
[2025-04-26T20:30:56.742+0000][10.928s][info ][gc,phases,start] GC(30) Phase 3: Adjust pointers
[2025-04-26T20:30:56.753+0000][10.939s][info ][gc,phases      ] GC(30) Phase 3: Adjust pointers 10.781ms
[2025-04-26T20:30:56.753+0000][10.939s][info ][gc,phases,start] GC(30) Phase 4: Compact heap
[2025-04-26T20:30:56.757+0000][10.943s][info ][gc,phases      ] GC(30) Phase 4: Compact heap 4.312ms
[2025-04-26T20:30:56.757+0000][10.943s][info ][gc,phases,start] GC(30) Phase 5: Reset Metadata
[2025-04-26T20:30:56.770+0000][10.956s][info ][gc,phases      ] GC(30) Phase 5: Reset Metadata 12.662ms
[2025-04-26T20:30:56.771+0000][10.957s][info ][gc,heap        ] GC(30) Eden regions: 0->0(34)
[2025-04-26T20:30:56.771+0000][10.957s][info ][gc,heap        ] GC(30) Survivor regions: 0->0(0)
[2025-04-26T20:30:56.771+0000][10.957s][info ][gc,heap        ] GC(30) Old regions: 2047->2013
[2025-04-26T20:30:56.771+0000][10.957s][info ][gc,heap        ] GC(30) Humongous regions: 1->1
[2025-04-26T20:30:56.771+0000][10.957s][info ][gc,metaspace   ] GC(30) Metaspace: 96K(320K)->96K(320K) NonClass: 88K(192K)->88K(192K) Class: 7K(128K)->7K(128K)
[2025-04-26T20:30:56.771+0000][10.957s][debug][gc,heap        ] GC(30) Heap after GC invocations=30 (full 1):
[2025-04-26T20:30:56.771+0000][10.957s][debug][gc,heap        ] GC(30)  garbage-first heap   total 2097152K, used 2061632K [0x0000000080000000, 0x0000000100000000)
[2025-04-26T20:30:56.771+0000][10.957s][debug][gc,heap        ] GC(30)   region size 1024K, 0 young (0K), 0 survivors (0K)
[2025-04-26T20:30:56.771+0000][10.957s][debug][gc,heap        ] GC(30)  Metaspace       used 96K, committed 320K, reserved 1114112K
[2025-04-26T20:30:56.771+0000][10.957s][debug][gc,heap        ] GC(30)   class space    used 7K, committed 128K, reserved 1048576K
[2025-04-26T20:30:56.771+0000][10.957s][info ][gc             ] GC(30) Pause Full (G1 Compaction Pause) 2048M->2013M(2048M) 47.368ms
[2025-04-26T20:30:56.771+0000][10.957s][info ][gc,cpu         ] GC(30) User=0.09s Sys=0.00s Real=0.05s
[2025-04-26T20:30:56.772+0000][10.957s][info ][gc,marking     ] GC(29) Concurrent Mark From Roots 47.515ms
[2025-04-26T20:30:56.772+0000][10.957s][info ][gc,marking     ] GC(29) Concurrent Mark Abort
[2025-04-26T20:30:56.772+0000][10.957s][info ][gc             ] GC(29) Concurrent Mark Cycle 47.566ms
[2025-04-26T20:30:56.952+0000][11.138s][info ][gc,start       ] GC(31) Pause Young (Normal) (G1 Evacuation Pause)
[2025-04-26T20:30:56.952+0000][11.138s][debug][gc,heap        ] GC(31) Heap before GC invocations=30 (full 1):
[2025-04-26T20:30:56.952+0000][11.138s][debug][gc,heap        ] GC(31)  garbage-first heap   total 2097152K, used 2095424K [0x0000000080000000, 0x0000000100000000)
[2025-04-26T20:30:56.952+0000][11.138s][debug][gc,heap        ] GC(31)   region size 1024K, 34 young (34816K), 0 survivors (0K)
[2025-04-26T20:30:56.952+0000][11.138s][debug][gc,heap        ] GC(31)  Metaspace       used 96K, committed 320K, reserved 1114112K
[2025-04-26T20:30:56.952+0000][11.138s][debug][gc,heap        ] GC(31)   class space    used 7K, committed 128K, reserved 1048576K
[2025-04-26T20:30:56.952+0000][11.138s][info ][gc,task        ] GC(31) Using 2 workers of 2 for evacuation
[2025-04-26T20:30:56.953+0000][11.139s][info ][gc,phases      ] GC(31)   Pre Evacuate Collection Set: 0.2ms
[2025-04-26T20:30:56.953+0000][11.139s][info ][gc,phases      ] GC(31)   Merge Heap Roots: 0.0ms
[2025-04-26T20:30:56.953+0000][11.139s][info ][gc,phases      ] GC(31)   Evacuate Collection Set: 0.3ms
[2025-04-26T20:30:56.953+0000][11.139s][info ][gc,phases      ] GC(31)   Post Evacuate Collection Set: 0.4ms
[2025-04-26T20:30:56.953+0000][11.139s][info ][gc,phases      ] GC(31)   Other: 0.1ms
[2025-04-26T20:30:56.953+0000][11.139s][info ][gc,heap        ] GC(31) Eden regions: 34->0(0)
[2025-04-26T20:30:56.953+0000][11.139s][info ][gc,heap        ] GC(31) Survivor regions: 0->0(0)
[2025-04-26T20:30:56.953+0000][11.139s][info ][gc,heap        ] GC(31) Old regions: 2013->2047
[2025-04-26T20:30:56.953+0000][11.139s][info ][gc,heap        ] GC(31) Humongous regions: 1->1
[2025-04-26T20:30:56.954+0000][11.139s][info ][gc,metaspace   ] GC(31) Metaspace: 96K(320K)->96K(320K) NonClass: 88K(192K)->88K(192K) Class: 7K(128K)->7K(128K)
[2025-04-26T20:30:56.954+0000][11.139s][debug][gc,heap        ] GC(31) Heap after GC invocations=31 (full 1):
[2025-04-26T20:30:56.954+0000][11.139s][debug][gc,heap        ] GC(31)  garbage-first heap   total 2097152K, used 2096444K [0x0000000080000000, 0x0000000100000000)
[2025-04-26T20:30:56.954+0000][11.139s][debug][gc,heap        ] GC(31)   region size 1024K, 0 young (0K), 0 survivors (0K)
[2025-04-26T20:30:56.954+0000][11.139s][debug][gc,heap        ] GC(31)  Metaspace       used 96K, committed 320K, reserved 1114112K
[2025-04-26T20:30:56.954+0000][11.139s][debug][gc,heap        ] GC(31)   class space    used 7K, committed 128K, reserved 1048576K
[2025-04-26T20:30:56.954+0000][11.139s][info ][gc             ] GC(31) Pause Young (Normal) (G1 Evacuation Pause) (Evacuation Failure) 2047M->2047M(2048M) 1.202ms
[2025-04-26T20:30:56.954+0000][11.139s][info ][gc,cpu         ] GC(31) User=0.00s Sys=0.00s Real=0.00s
[2025-04-26T20:30:56.954+0000][11.139s][info ][gc,ergo        ] Attempting full compaction
[2025-04-26T20:30:56.954+0000][11.139s][info ][gc,start       ] GC(32) Pause Full (G1 Compaction Pause)
[2025-04-26T20:30:56.954+0000][11.139s][debug][gc,heap        ] GC(32) Heap before GC invocations=31 (full 1):
[2025-04-26T20:30:56.954+0000][11.139s][debug][gc,heap        ] GC(32)  garbage-first heap   total 2097152K, used 2096444K [0x0000000080000000, 0x0000000100000000)
[2025-04-26T20:30:56.954+0000][11.139s][debug][gc,heap        ] GC(32)   region size 1024K, 0 young (0K), 0 survivors (0K)
[2025-04-26T20:30:56.954+0000][11.139s][debug][gc,heap        ] GC(32)  Metaspace       used 96K, committed 320K, reserved 1114112K
[2025-04-26T20:30:56.954+0000][11.139s][debug][gc,heap        ] GC(32)   class space    used 7K, committed 128K, reserved 1048576K
[2025-04-26T20:30:56.954+0000][11.139s][info ][gc,task        ] GC(32) Using 2 workers of 2 for full compaction
[2025-04-26T20:30:56.954+0000][11.140s][info ][gc,phases,start] GC(32) Phase 1: Mark live objects
[2025-04-26T20:30:56.970+0000][11.156s][info ][gc,phases      ] GC(32) Phase 1: Mark live objects 16.605ms
[2025-04-26T20:30:56.970+0000][11.156s][info ][gc,phases,start] GC(32) Phase 2: Prepare compaction
[2025-04-26T20:30:56.971+0000][11.156s][info ][gc,phases      ] GC(32) Phase 2: Prepare compaction 0.132ms
[2025-04-26T20:30:56.971+0000][11.156s][info ][gc,phases,start] GC(32) Phase 3: Adjust pointers
[2025-04-26T20:30:56.982+0000][11.168s][info ][gc,phases      ] GC(32) Phase 3: Adjust pointers 11.077ms
[2025-04-26T20:30:56.982+0000][11.168s][info ][gc,phases,start] GC(32) Phase 4: Compact heap
[2025-04-26T20:30:56.982+0000][11.168s][info ][gc,phases      ] GC(32) Phase 4: Compact heap 0.088ms
[2025-04-26T20:30:56.982+0000][11.168s][info ][gc,phases,start] GC(32) Phase 5: Reset Metadata
[2025-04-26T20:30:56.991+0000][11.176s][info ][gc,phases      ] GC(32) Phase 5: Reset Metadata 8.634ms
[2025-04-26T20:30:56.992+0000][11.178s][info ][gc,heap        ] GC(32) Eden regions: 0->0(0)
[2025-04-26T20:30:56.992+0000][11.178s][info ][gc,heap        ] GC(32) Survivor regions: 0->0(0)
[2025-04-26T20:30:56.992+0000][11.178s][info ][gc,heap        ] GC(32) Old regions: 2047->2047
[2025-04-26T20:30:56.992+0000][11.178s][info ][gc,heap        ] GC(32) Humongous regions: 1->1
[2025-04-26T20:30:56.992+0000][11.178s][info ][gc,metaspace   ] GC(32) Metaspace: 96K(320K)->96K(320K) NonClass: 88K(192K)->88K(192K) Class: 7K(128K)->7K(128K)
[2025-04-26T20:30:56.992+0000][11.178s][debug][gc,heap        ] GC(32) Heap after GC invocations=32 (full 2):
[2025-04-26T20:30:56.992+0000][11.178s][debug][gc,heap        ] GC(32)  garbage-first heap   total 2097152K, used 2096444K [0x0000000080000000, 0x0000000100000000)
[2025-04-26T20:30:56.992+0000][11.178s][debug][gc,heap        ] GC(32)   region size 1024K, 0 young (0K), 0 survivors (0K)
[2025-04-26T20:30:56.992+0000][11.178s][debug][gc,heap        ] GC(32)  Metaspace       used 96K, committed 320K, reserved 1114112K
[2025-04-26T20:30:56.992+0000][11.178s][debug][gc,heap        ] GC(32)   class space    used 7K, committed 128K, reserved 1048576K
[2025-04-26T20:30:56.992+0000][11.178s][info ][gc             ] GC(32) Pause Full (G1 Compaction Pause) 2047M->2047M(2048M) 38.372ms
[2025-04-26T20:30:56.992+0000][11.178s][info ][gc,cpu         ] GC(32) User=0.07s Sys=0.00s Real=0.04s
[2025-04-26T20:30:56.992+0000][11.178s][info ][gc,ergo        ] Attempting maximal full compaction clearing soft references
[2025-04-26T20:30:56.992+0000][11.178s][info ][gc,start       ] GC(33) Pause Full (G1 Compaction Pause)
[2025-04-26T20:30:56.992+0000][11.178s][debug][gc,heap        ] GC(33) Heap before GC invocations=32 (full 2):
[2025-04-26T20:30:56.992+0000][11.178s][debug][gc,heap        ] GC(33)  garbage-first heap   total 2097152K, used 2096444K [0x0000000080000000, 0x0000000100000000)
[2025-04-26T20:30:56.992+0000][11.178s][debug][gc,heap        ] GC(33)   region size 1024K, 0 young (0K), 0 survivors (0K)
[2025-04-26T20:30:56.992+0000][11.178s][debug][gc,heap        ] GC(33)  Metaspace       used 96K, committed 320K, reserved 1114112K
[2025-04-26T20:30:56.992+0000][11.178s][debug][gc,heap        ] GC(33)   class space    used 7K, committed 128K, reserved 1048576K
[2025-04-26T20:30:56.992+0000][11.178s][info ][gc,task        ] GC(33) Using 2 workers of 2 for full compaction
[2025-04-26T20:30:56.992+0000][11.178s][info ][gc,phases,start] GC(33) Phase 1: Mark live objects
[2025-04-26T20:30:57.006+0000][11.192s][info ][gc,phases      ] GC(33) Phase 1: Mark live objects 13.712ms
[2025-04-26T20:30:57.006+0000][11.192s][info ][gc,phases,start] GC(33) Phase 2: Prepare compaction
[2025-04-26T20:30:57.015+0000][11.201s][info ][gc,phases      ] GC(33) Phase 2: Prepare compaction 9.512ms
[2025-04-26T20:30:57.015+0000][11.201s][info ][gc,phases,start] GC(33) Phase 3: Adjust pointers
[2025-04-26T20:30:57.024+0000][11.210s][info ][gc,phases      ] GC(33) Phase 3: Adjust pointers 8.695ms
[2025-04-26T20:30:57.024+0000][11.210s][info ][gc,phases,start] GC(33) Phase 4: Compact heap
[2025-04-26T20:30:57.122+0000][11.307s][info ][gc,phases      ] GC(33) Phase 4: Compact heap 97.361ms
[2025-04-26T20:30:57.122+0000][11.307s][info ][gc,phases,start] GC(33) Phase 5: Reset Metadata
[2025-04-26T20:30:57.122+0000][11.308s][info ][gc,phases      ] GC(33) Phase 5: Reset Metadata 0.547ms
[2025-04-26T20:30:57.124+0000][11.310s][info ][gc,heap        ] GC(33) Eden regions: 0->0(0)
[2025-04-26T20:30:57.124+0000][11.310s][info ][gc,heap        ] GC(33) Survivor regions: 0->0(0)
[2025-04-26T20:30:57.124+0000][11.310s][info ][gc,heap        ] GC(33) Old regions: 2047->2047
[2025-04-26T20:30:57.124+0000][11.310s][info ][gc,heap        ] GC(33) Humongous regions: 1->1
[2025-04-26T20:30:57.124+0000][11.310s][info ][gc,metaspace   ] GC(33) Metaspace: 96K(320K)->96K(320K) NonClass: 88K(192K)->88K(192K) Class: 7K(128K)->7K(128K)
[2025-04-26T20:30:57.124+0000][11.310s][debug][gc,heap        ] GC(33) Heap after GC invocations=33 (full 3):
[2025-04-26T20:30:57.124+0000][11.310s][debug][gc,heap        ] GC(33)  garbage-first heap   total 2097152K, used 2085917K [0x0000000080000000, 0x0000000100000000)
[2025-04-26T20:30:57.124+0000][11.310s][debug][gc,heap        ] GC(33)   region size 1024K, 0 young (0K), 0 survivors (0K)
[2025-04-26T20:30:57.124+0000][11.310s][debug][gc,heap        ] GC(33)  Metaspace       used 96K, committed 320K, reserved 1114112K
[2025-04-26T20:30:57.124+0000][11.310s][debug][gc,heap        ] GC(33)   class space    used 7K, committed 128K, reserved 1048576K
[2025-04-26T20:30:57.124+0000][11.310s][info ][gc             ] GC(33) Pause Full (G1 Compaction Pause) 2047M->2037M(2048M) 132.000ms
[2025-04-26T20:30:57.124+0000][11.310s][info ][gc,cpu         ] GC(33) User=0.19s Sys=0.01s Real=0.13s
[2025-04-26T20:30:57.124+0000][11.310s][info ][gc,start       ] GC(34) Pause Young (Concurrent Start) (G1 Evacuation Pause)
[2025-04-26T20:30:57.124+0000][11.310s][debug][gc,heap        ] GC(34) Heap before GC invocations=33 (full 3):
[2025-04-26T20:30:57.124+0000][11.310s][debug][gc,heap        ] GC(34)  garbage-first heap   total 2097152K, used 2085917K [0x0000000080000000, 0x0000000100000000)
[2025-04-26T20:30:57.124+0000][11.310s][debug][gc,heap        ] GC(34)   region size 1024K, 0 young (0K), 0 survivors (0K)
[2025-04-26T20:30:57.124+0000][11.310s][debug][gc,heap        ] GC(34)  Metaspace       used 96K, committed 320K, reserved 1114112K
[2025-04-26T20:30:57.124+0000][11.310s][debug][gc,heap        ] GC(34)   class space    used 7K, committed 128K, reserved 1048576K
[2025-04-26T20:30:57.124+0000][11.310s][info ][gc,task        ] GC(34) Using 2 workers of 2 for evacuation
[2025-04-26T20:30:57.125+0000][11.311s][info ][gc,phases      ] GC(34)   Pre Evacuate Collection Set: 0.2ms
[2025-04-26T20:30:57.125+0000][11.311s][info ][gc,phases      ] GC(34)   Merge Heap Roots: 0.0ms
[2025-04-26T20:30:57.125+0000][11.311s][info ][gc,phases      ] GC(34)   Evacuate Collection Set: 0.2ms
[2025-04-26T20:30:57.125+0000][11.311s][info ][gc,phases      ] GC(34)   Post Evacuate Collection Set: 0.1ms
[2025-04-26T20:30:57.125+0000][11.311s][info ][gc,phases      ] GC(34)   Other: 0.1ms
[2025-04-26T20:30:57.125+0000][11.311s][info ][gc,heap        ] GC(34) Eden regions: 0->0(0)
[2025-04-26T20:30:57.125+0000][11.311s][info ][gc,heap        ] GC(34) Survivor regions: 0->0(0)
[2025-04-26T20:30:57.125+0000][11.311s][info ][gc,heap        ] GC(34) Old regions: 2047->2047
[2025-04-26T20:30:57.125+0000][11.311s][info ][gc,heap        ] GC(34) Humongous regions: 1->1
[2025-04-26T20:30:57.125+0000][11.311s][info ][gc,metaspace   ] GC(34) Metaspace: 96K(320K)->96K(320K) NonClass: 88K(192K)->88K(192K) Class: 7K(128K)->7K(128K)
[2025-04-26T20:30:57.125+0000][11.311s][debug][gc,heap        ] GC(34) Heap after GC invocations=34 (full 3):
[2025-04-26T20:30:57.125+0000][11.311s][debug][gc,heap        ] GC(34)  garbage-first heap   total 2097152K, used 2085917K [0x0000000080000000, 0x0000000100000000)
[2025-04-26T20:30:57.125+0000][11.311s][debug][gc,heap        ] GC(34)   region size 1024K, 0 young (0K), 0 survivors (0K)
[2025-04-26T20:30:57.125+0000][11.311s][debug][gc,heap        ] GC(34)  Metaspace       used 96K, committed 320K, reserved 1114112K
[2025-04-26T20:30:57.125+0000][11.311s][debug][gc,heap        ] GC(34)   class space    used 7K, committed 128K, reserved 1048576K
[2025-04-26T20:30:57.125+0000][11.311s][info ][gc             ] GC(34) Pause Young (Concurrent Start) (G1 Evacuation Pause) 2037M->2037M(2048M) 0.815ms
[2025-04-26T20:30:57.125+0000][11.311s][info ][gc,cpu         ] GC(34) User=0.00s Sys=0.00s Real=0.00s
[2025-04-26T20:30:57.125+0000][11.311s][info ][gc,ergo        ] Attempting full compaction
[2025-04-26T20:30:57.125+0000][11.311s][info ][gc,start       ] GC(36) Pause Full (G1 Compaction Pause)
[2025-04-26T20:30:57.125+0000][11.311s][info ][gc             ] GC(35) Concurrent Mark Cycle
[2025-04-26T20:30:57.125+0000][11.311s][info ][gc,marking     ] GC(35) Concurrent Scan Root Regions
[2025-04-26T20:30:57.125+0000][11.311s][info ][gc,marking     ] GC(35) Concurrent Scan Root Regions 0.009ms
[2025-04-26T20:30:57.125+0000][11.311s][info ][gc,marking     ] GC(35) Concurrent Mark
[2025-04-26T20:30:57.125+0000][11.311s][info ][gc,marking     ] GC(35) Concurrent Mark From Roots
[2025-04-26T20:30:57.125+0000][11.311s][info ][gc,task        ] GC(35) Using 1 workers of 1 for marking
[2025-04-26T20:30:57.125+0000][11.311s][debug][gc,heap        ] GC(36) Heap before GC invocations=34 (full 3):
[2025-04-26T20:30:57.125+0000][11.311s][debug][gc,heap        ] GC(36)  garbage-first heap   total 2097152K, used 2085917K [0x0000000080000000, 0x0000000100000000)
[2025-04-26T20:30:57.125+0000][11.311s][debug][gc,heap        ] GC(36)   region size 1024K, 0 young (0K), 0 survivors (0K)
[2025-04-26T20:30:57.125+0000][11.311s][debug][gc,heap        ] GC(36)  Metaspace       used 96K, committed 320K, reserved 1114112K
[2025-04-26T20:30:57.125+0000][11.311s][debug][gc,heap        ] GC(36)   class space    used 7K, committed 128K, reserved 1048576K
[2025-04-26T20:30:57.125+0000][11.311s][info ][gc,task        ] GC(36) Using 2 workers of 2 for full compaction
[2025-04-26T20:30:57.127+0000][11.313s][info ][gc,phases,start] GC(36) Phase 1: Mark live objects
[2025-04-26T20:30:57.128+0000][11.314s][info ][gc,phases      ] GC(36) Phase 1: Mark live objects 1.088ms
[2025-04-26T20:30:57.128+0000][11.314s][info ][gc,phases,start] GC(36) Phase 2: Prepare compaction
[2025-04-26T20:30:57.131+0000][11.317s][info ][gc,phases      ] GC(36) Phase 2: Prepare compaction 3.361ms
[2025-04-26T20:30:57.131+0000][11.317s][info ][gc,phases,start] GC(36) Phase 3: Adjust pointers
[2025-04-26T20:30:57.133+0000][11.319s][info ][gc,phases      ] GC(36) Phase 3: Adjust pointers 1.953ms
[2025-04-26T20:30:57.133+0000][11.319s][info ][gc,phases,start] GC(36) Phase 4: Compact heap
[2025-04-26T20:30:57.135+0000][11.321s][info ][gc,phases      ] GC(36) Phase 4: Compact heap 1.927ms
[2025-04-26T20:30:57.135+0000][11.321s][info ][gc,phases,start] GC(36) Phase 5: Reset Metadata
[2025-04-26T20:30:57.136+0000][11.321s][info ][gc,phases      ] GC(36) Phase 5: Reset Metadata 0.445ms
[2025-04-26T20:30:57.137+0000][11.323s][info ][gc,heap        ] GC(36) Eden regions: 0->0(339)
[2025-04-26T20:30:57.137+0000][11.323s][info ][gc,heap        ] GC(36) Survivor regions: 0->0(0)
[2025-04-26T20:30:57.137+0000][11.323s][info ][gc,heap        ] GC(36) Old regions: 2047->3
[2025-04-26T20:30:57.137+0000][11.323s][info ][gc,heap        ] GC(36) Humongous regions: 1->0
[2025-04-26T20:30:57.137+0000][11.323s][info ][gc,metaspace   ] GC(36) Metaspace: 96K(320K)->96K(320K) NonClass: 88K(192K)->88K(192K) Class: 7K(128K)->7K(128K)
[2025-04-26T20:30:57.137+0000][11.323s][debug][gc,heap        ] GC(36) Heap after GC invocations=35 (full 4):
[2025-04-26T20:30:57.137+0000][11.323s][debug][gc,heap        ] GC(36)  garbage-first heap   total 2097152K, used 1135K [0x0000000080000000, 0x0000000100000000)
[2025-04-26T20:30:57.137+0000][11.323s][debug][gc,heap        ] GC(36)   region size 1024K, 0 young (0K), 0 survivors (0K)
[2025-04-26T20:30:57.137+0000][11.323s][debug][gc,heap        ] GC(36)  Metaspace       used 96K, committed 320K, reserved 1114112K
[2025-04-26T20:30:57.137+0000][11.323s][debug][gc,heap        ] GC(36)   class space    used 7K, committed 128K, reserved 1048576K
[2025-04-26T20:30:57.137+0000][11.323s][info ][gc             ] GC(36) Pause Full (G1 Compaction Pause) 2037M->1M(2048M) 11.781ms
[2025-04-26T20:30:57.137+0000][11.323s][info ][gc,cpu         ] GC(36) User=0.01s Sys=0.00s Real=0.01s
[2025-04-26T20:30:57.137+0000][11.323s][info ][gc,marking     ] GC(35) Concurrent Mark From Roots 11.876ms
[2025-04-26T20:30:57.137+0000][11.323s][info ][gc,marking     ] GC(35) Concurrent Mark Abort
[2025-04-26T20:30:57.137+0000][11.323s][info ][gc             ] GC(35) Concurrent Mark Cycle 11.982ms
[2025-04-26T20:33:15.888+0000][150.073s][info ][gc,heap,exit   ] Heap
[2025-04-26T20:33:15.888+0000][150.073s][info ][gc,heap,exit   ]  garbage-first heap   total 2097152K, used 25711K [0x0000000080000000, 0x0000000100000000)
[2025-04-26T20:33:15.888+0000][150.073s][info ][gc,heap,exit   ]   region size 1024K, 24 young (24576K), 0 survivors (0K)
[2025-04-26T20:33:15.888+0000][150.073s][info ][gc,heap,exit   ]  Metaspace       used 297K, committed 512K, reserved 1114112K
[2025-04-26T20:33:15.888+0000][150.073s][info ][gc,heap,exit   ]   class space    used 21K, committed 128K, reserved 1048576K
